Component: ARM Compiler 5.06 update 5 (build 528) Tool: armlink [4d35e2]

==============================================================================

Section Cross References

    stm32f4xx_adc.o(i.ADC_DeInit) refers to stm32f4xx_rcc.o(i.RCC_APB2PeriphResetCmd) for RCC_APB2PeriphResetCmd
    stm32f4xx_gpio.o(i.GPIO_DeInit) refers to stm32f4xx_rcc.o(i.RCC_AHB1PeriphResetCmd) for RCC_AHB1PeriphResetCmd
    stm32f4xx_i2c.o(i.I2C_DeInit) refers to stm32f4xx_rcc.o(i.RCC_APB1PeriphResetCmd) for RCC_APB1PeriphResetCmd
    stm32f4xx_i2c.o(i.I2C_Init) refers to stm32f4xx_rcc.o(i.RCC_GetClocksFreq) for RCC_GetClocksFreq
    stm32f4xx_rcc.o(i.RCC_GetClocksFreq) refers to stm32f4xx_rcc.o(.data) for APBAHBPrescTable
    stm32f4xx_rcc.o(i.RCC_WaitForHSEStartUp) refers to stm32f4xx_rcc.o(i.RCC_GetFlagStatus) for RCC_GetFlagStatus
    stm32f4xx_tim.o(i.TIM_DeInit) refers to stm32f4xx_rcc.o(i.RCC_APB2PeriphResetCmd) for RCC_APB2PeriphResetCmd
    stm32f4xx_tim.o(i.TIM_DeInit) refers to stm32f4xx_rcc.o(i.RCC_APB1PeriphResetCmd) for RCC_APB1PeriphResetCmd
    stm32f4xx_tim.o(i.TIM_ETRClockMode1Config) refers to stm32f4xx_tim.o(i.TIM_ETRConfig) for TIM_ETRConfig
    stm32f4xx_tim.o(i.TIM_ETRClockMode2Config) refers to stm32f4xx_tim.o(i.TIM_ETRConfig) for TIM_ETRConfig
    stm32f4xx_tim.o(i.TIM_ICInit) refers to stm32f4xx_tim.o(i.TI1_Config) for TI1_Config
    stm32f4xx_tim.o(i.TIM_ICInit) refers to stm32f4xx_tim.o(i.TIM_SetIC1Prescaler) for TIM_SetIC1Prescaler
    stm32f4xx_tim.o(i.TIM_ICInit) refers to stm32f4xx_tim.o(i.TI2_Config) for TI2_Config
    stm32f4xx_tim.o(i.TIM_ICInit) refers to stm32f4xx_tim.o(i.TIM_SetIC2Prescaler) for TIM_SetIC2Prescaler
    stm32f4xx_tim.o(i.TIM_ICInit) refers to stm32f4xx_tim.o(i.TI3_Config) for TI3_Config
    stm32f4xx_tim.o(i.TIM_ICInit) refers to stm32f4xx_tim.o(i.TIM_SetIC3Prescaler) for TIM_SetIC3Prescaler
    stm32f4xx_tim.o(i.TIM_ICInit) refers to stm32f4xx_tim.o(i.TI4_Config) for TI4_Config
    stm32f4xx_tim.o(i.TIM_ICInit) refers to stm32f4xx_tim.o(i.TIM_SetIC4Prescaler) for TIM_SetIC4Prescaler
    stm32f4xx_tim.o(i.TIM_ITRxExternalClockConfig) refers to stm32f4xx_tim.o(i.TIM_SelectInputTrigger) for TIM_SelectInputTrigger
    stm32f4xx_tim.o(i.TIM_PWMIConfig) refers to stm32f4xx_tim.o(i.TI1_Config) for TI1_Config
    stm32f4xx_tim.o(i.TIM_PWMIConfig) refers to stm32f4xx_tim.o(i.TIM_SetIC1Prescaler) for TIM_SetIC1Prescaler
    stm32f4xx_tim.o(i.TIM_PWMIConfig) refers to stm32f4xx_tim.o(i.TI2_Config) for TI2_Config
    stm32f4xx_tim.o(i.TIM_PWMIConfig) refers to stm32f4xx_tim.o(i.TIM_SetIC2Prescaler) for TIM_SetIC2Prescaler
    stm32f4xx_tim.o(i.TIM_TIxExternalClockConfig) refers to stm32f4xx_tim.o(i.TI2_Config) for TI2_Config
    stm32f4xx_tim.o(i.TIM_TIxExternalClockConfig) refers to stm32f4xx_tim.o(i.TI1_Config) for TI1_Config
    stm32f4xx_tim.o(i.TIM_TIxExternalClockConfig) refers to stm32f4xx_tim.o(i.TIM_SelectInputTrigger) for TIM_SelectInputTrigger
    stm32f4xx_usart.o(i.USART_DeInit) refers to stm32f4xx_rcc.o(i.RCC_APB2PeriphResetCmd) for RCC_APB2PeriphResetCmd
    stm32f4xx_usart.o(i.USART_DeInit) refers to stm32f4xx_rcc.o(i.RCC_APB1PeriphResetCmd) for RCC_APB1PeriphResetCmd
    stm32f4xx_usart.o(i.USART_Init) refers to stm32f4xx_rcc.o(i.RCC_GetClocksFreq) for RCC_GetClocksFreq
    system_stm32f4xx.o(i.SystemCoreClockUpdate) refers to system_stm32f4xx.o(.data) for SystemCoreClock
    system_stm32f4xx.o(i.SystemInit) refers to system_stm32f4xx.o(i.SetSysClock) for SetSysClock
    startup_stm32f427_437xx.o(RESET) refers to startup_stm32f427_437xx.o(STACK) for __initial_sp
    startup_stm32f427_437xx.o(RESET) refers to startup_stm32f427_437xx.o(.text) for Reset_Handler
    startup_stm32f427_437xx.o(RESET) refers to stm32f4xx_it.o(i.NMI_Handler) for NMI_Handler
    startup_stm32f427_437xx.o(RESET) refers to stm32f4xx_it.o(i.HardFault_Handler) for HardFault_Handler
    startup_stm32f427_437xx.o(RESET) refers to stm32f4xx_it.o(i.MemManage_Handler) for MemManage_Handler
    startup_stm32f427_437xx.o(RESET) refers to stm32f4xx_it.o(i.BusFault_Handler) for BusFault_Handler
    startup_stm32f427_437xx.o(RESET) refers to stm32f4xx_it.o(i.UsageFault_Handler) for UsageFault_Handler
    startup_stm32f427_437xx.o(RESET) refers to stm32f4xx_it.o(i.SVC_Handler) for SVC_Handler
    startup_stm32f427_437xx.o(RESET) refers to stm32f4xx_it.o(i.DebugMon_Handler) for DebugMon_Handler
    startup_stm32f427_437xx.o(RESET) refers to stm32f4xx_it.o(i.PendSV_Handler) for PendSV_Handler
    startup_stm32f427_437xx.o(RESET) refers to systemtick.o(i.SysTick_Handler) for SysTick_Handler
    startup_stm32f427_437xx.o(RESET) refers to uarthandler.o(i.UART4_IRQHandler) for UART4_IRQHandler
    startup_stm32f427_437xx.o(RESET) refers to uarthandler.o(i.USART6_IRQHandler) for USART6_IRQHandler
    startup_stm32f427_437xx.o(.text) refers to system_stm32f4xx.o(i.SystemInit) for SystemInit
    startup_stm32f427_437xx.o(.text) refers to entry.o(.ARM.Collect$$$$00000000) for __main
[...]
    __hardfp_atan                            0x080022d9   Thumb Code   622  atan.o(i.__hardfp_atan)
    __hardfp_atan2                           0x080025b1   Thumb Code   432  atan2.o(i.__hardfp_atan2)
    __hardfp_fabs                            0x080027a1   Thumb Code    20  fabs.o(i.__hardfp_fabs)
    __hardfp_pow                             0x080027b9   Thumb Code  3072  pow.o(i.__hardfp_pow)
    __hardfp_sqrt                            0x08003409   Thumb Code   122  sqrt.o(i.__hardfp_sqrt)
    __hardfp_sqrtf                           0x08003483   Thumb Code    58  sqrtf.o(i.__hardfp_sqrtf)
    __kernel_poly                            0x080034bd   Thumb Code   248  poly.o(i.__kernel_poly)
    malloc                                   0x080035b5   Thumb Code    64  mallocr.o(i.__malloc$realloc)
    __mathlib_dbl_divzero                    0x08003609   Thumb Code    28  dunder.o(i.__mathlib_dbl_divzero)
    __mathlib_dbl_infnan                     0x08003639   Thumb Code    20  dunder.o(i.__mathlib_dbl_infnan)
    __mathlib_dbl_infnan2                    0x0800364d   Thumb Code    20  dunder.o(i.__mathlib_dbl_infnan2)
    __mathlib_dbl_invalid                    0x08003661   Thumb Code    24  dunder.o(i.__mathlib_dbl_invalid)
    __mathlib_dbl_overflow                   0x08003681   Thumb Code    24  dunder.o(i.__mathlib_dbl_overflow)
    __mathlib_dbl_underflow                  0x080036a1   Thumb Code    24  dunder.o(i.__mathlib_dbl_underflow)
    __scatterload_copy                       0x080036c1   Thumb Code    14  handlers.o(i.__scatterload_copy)
    __scatterload_null                       0x080036cf   Thumb Code     2  handlers.o(i.__scatterload_null)
    __scatterload_zeroinit                   0x080036d1   Thumb Code    14  handlers.o(i.__scatterload_zeroinit)
    __set_errno                              0x080036e1   Thumb Code     6  errno.o(i.__set_errno)
    addByteToBuffer                          0x080036ed   Thumb Code    16  buffer.o(i.addByteToBuffer)
    addBytesToBuffer                         0x080036fd   Thumb Code    94  buffer.o(i.addBytesToBuffer)
    addSample                                0x0800375b   Thumb Code    56  gyrooffsetcalculator.o(i.addSample)
    altCalibGetSample                        0x08003795   Thumb Code    40  altitudecalibrationprogram.o(i.altCalibGetSample)
    atan                                     0x080037c1   Thumb Code    16  atan.o(i.atan)
    calD                                     0x080037d1   Thumb Code    66  pid.o(i.calD)
    calE                                     0x08003813   Thumb Code    42  pid.o(i.calE)
    calGyroOffset                            0x0800383d   Thumb Code    96  gyrocalibrationprogram.o(i.calGyroOffset)
    calI                                     0x080038a5   Thumb Code    54  pid.o(i.calI)
    calNewThr                                0x080038dd   Thumb Code    72  holdaltitudemode.o(i.calNewThr)
    calP                                     0x08003929   Thumb Code    46  pid.o(i.calP)
    calculateAltitude                        0x08003959   Thumb Code   120  ms5611calculator.o(i.calculateAltitude)
    calculatePressure                        0x080039f1   Thumb Code   208  ms5611calculator.o(i.calculatePressure)
    calculatePwm                             0x08003ac5   Thumb Code   214  generalfly.o(i.calculatePwm)
    calculateTemp                            0x08003ba5   Thumb Code    44  ms5611calculator.o(i.calculateTemp)
    calibMagnet                              0x08003bd1   Thumb Code   110  magnetcalibrate.o(i.calibMagnet)
    calibMagnetVector                        0x08003c3f   Thumb Code    90  magnetcalibrate.o(i.calibMagnetVector)
    calibrate                                0x08003c99   Thumb Code    32  imucalibrate.o(i.calibrate)
    callFunctionEvadeInterrupt               0x08003cb9   Thumb Code    16  main.o(i.callFunctionEvadeInterrupt)
    catchErrorMpu9250                        0x08003cc9   Thumb Code    28  mpu9250reader.o(i.catchErrorMpu9250)
    changeSetPointPitch                      0x08003ced   Thumb Code    34  quadcore.o(i.changeSetPointPitch)
    changeSetPointRoll                       0x08003d19   Thumb Code    34  quadcore.o(i.changeSetPointRoll)
    changeSetPointYaw                        0x08003d45   Thumb Code    34  quadcore.o(i.changeSetPointYaw)
    checkAndStartCalibrate                   0x08003d71   Thumb Code    20  main.o(i.checkAndStartCalibrate)
    checkDeltaTimeChecker                    0x08003d85   Thumb Code    44  deltatimechecker.o(i.checkDeltaTimeChecker)
    checkHoldAllControl                      0x08003db1   Thumb Code    22  analystcontrol.o(i.checkHoldAllControl)
    checkHoldAltitudeControl                 0x08003dc9   Thumb Code    68  analystcontrol.o(i.checkHoldAltitudeControl)
    checkHoldPositionControl                 0x08003e11   Thumb Code   142  analystcontrol.o(i.checkHoldPositionControl)
    checkStartControl                        0x08003ea5   Thumb Code    84  analystcontrol.o(i.checkStartControl)
    checkSystemTickSubcriber                 0x08003f05   Thumb Code    28  systemtick.o(i.checkSystemTickSubcriber)
    checkTakeOffControl                      0x08003f21   Thumb Code    84  analystcontrol.o(i.checkTakeOffControl)
    checkTimeAccuracy                        0x08003f81   Thumb Code    32  deltatimechecker.o(i.checkTimeAccuracy)
    checkTimeWaitReponse                     0x08003fa1   Thumb Code    30  barometerms5611.o(i.checkTimeWaitReponse)
    checkTurnOffCondition                    0x08003fc1   Thumb Code    64  analystcontrol.o(i.checkTurnOffCondition)
    checkTurnOffControl                      0x08004005   Thumb Code   106  analystcontrol.o(i.checkTurnOffControl)
    checkTurnOnCondition                     0x08004079   Thumb Code    64  analystcontrol.o(i.checkTurnOnCondition)
    checkTurnOnControl                       0x080040c1   Thumb Code   106  analystcontrol.o(i.checkTurnOnControl)
    clearBuffer                              0x08004135   Thumb Code    22  buffer.o(i.clearBuffer)
    compareWithCurrentTime                   0x0800414b   Thumb Code    12  deltatimechecker.o(i.compareWithCurrentTime)
    configGeneral                            0x08004157   Thumb Code    14  mpu9250reader.o(i.configGeneral)
    configUart4                              0x08004165   Thumb Code   114  uartcontrol.o(i.configUart4)
    configUart6                              0x080041e1   Thumb Code   116  uartcontrol.o(i.configUart6)
    configUartNVIC                           0x0800425d   Thumb Code    50  uartinterrupt.o(i.configUartNVIC)
    constraintFloatValue                     0x0800428f   Thumb Code   132  constraint.o(i.constraintFloatValue)
    constraintFloatValues                    0x08004313   Thumb Code    42  constraint.o(i.constraintFloatValues)
    convertArrayToVector3D                   0x0800433d   Thumb Code    40  vector3d.o(i.convertArrayToVector3D)
    convertArrayToVector3DInt16              0x08004365   Thumb Code    32  vector3d.o(i.convertArrayToVector3DInt16)
    convertData                              0x08004385   Thumb Code   158  eulercalculator.o(i.convertData)
    convertEscControlToCompareVal            0x08004429   Thumb Code    26  motorcontrolblock.o(i.convertEscControlToCompareVal)
    convertImuData                           0x0800444d   Thumb Code   330  imublock.o(i.convertImuData)
    convertRawAccelToRealAccel               0x080045c1   Thumb Code    44  mpu9250reader.o(i.convertRawAccelToRealAccel)
    convertRawGyroToRealGyro                 0x080045f1   Thumb Code    44  mpu9250reader.o(i.convertRawGyroToRealGyro)
    convertRawMagnetToRealMagnet             0x08004621   Thumb Code    44  mpu9250reader.o(i.convertRawMagnetToRealMagnet)
    convertVector3DInt16ToArray              0x0800464d   Thumb Code    22  vector3d.o(i.convertVector3DInt16ToArray)
    convertVector3DToArray                   0x08004663   Thumb Code    34  vector3d.o(i.convertVector3DToArray)
    copyData                                 0x08004685   Thumb Code    52  arrayutil.o(i.copyData)
    copyInt16_tArray                         0x080046b9   Thumb Code    24  arrayutil.o(i.copyInt16_tArray)
    copyMs5611Eprom                          0x080046d1   Thumb Code    40  ms5611epromreader.o(i.copyMs5611Eprom)
    copyUartListener                         0x080046f9   Thumb Code    12  uarthandler.o(i.copyUartListener)
    delayMicros                              0x08004705   Thumb Code    24  delay.o(i.delayMicros)
    delayMilis                               0x0800471d   Thumb Code    18  delay.o(i.delayMilis)
    disableAllFlyMode                        0x0800472f   Thumb Code    34  flycontrolblock.o(i.disableAllFlyMode)
    disableBasicFlyMode                      0x08004751   Thumb Code     8  basicflymode.o(i.disableBasicFlyMode)
    disableController                        0x08004759   Thumb Code     8  dronecontroller.o(i.disableController)
    disableDeltaTimeChecker                  0x08004761   Thumb Code     6  deltatimechecker.o(i.disableDeltaTimeChecker)
    disableHoldAltitude                      0x08004769   Thumb Code    28  holdaltitude.o(i.disableHoldAltitude)
    disableHoldAltitudeMode                  0x08004795   Thumb Code    14  holdaltitudemode.o(i.disableHoldAltitudeMode)
    disableHoldPositionMode                  0x080047a9   Thumb Code     8  holdpositionmode.o(i.disableHoldPositionMode)
    disableSBusReader                        0x080047b5   Thumb Code    10  sbusreader.o(i.disableSBusReader)
    disableUart                              0x080047bf   Thumb Code    22  uartcontrol.o(i.disableUart)
    enableBasicFlyMode                       0x080047d5   Thumb Code     8  basicflymode.o(i.enableBasicFlyMode)
    enableController                         0x080047e1   Thumb Code     8  dronecontroller.o(i.enableController)
    enableHoldAltitudeMode                   0x080047e9   Thumb Code    30  holdaltitudemode.o(i.enableHoldAltitudeMode)
    enableI2C                                0x0800480d   Thumb Code    88  i2c.o(i.enableI2C)
    enableSBusReader                         0x08004871   Thumb Code    10  sbusreader.o(i.enableSBusReader)
    enableUart                               0x0800487b   Thumb Code    22  uartcontrol.o(i.enableUart)
    expandBuffer                             0x08004891   Thumb Code    78  buffer.o(i.expandBuffer)
    fabs                                     0x080048df   Thumb Code    24  fabs.o(i.fabs)
    findBuffer                               0x080048f9   Thumb Code    24  uartinterrupt.o(i.findBuffer)
    findUSARTPointer                         0x08004919   Thumb Code    24  uartfinder.o(i.findUSARTPointer)
    fly                                      0x08004939   Thumb Code    32  flycontrolblock.o(i.fly)
    getAccel                                 0x08004959   Thumb Code    22  imublock.o(i.getAccel)
    getAltitudeFromAltitudeBlock             0x08004975   Thumb Code     8  altitudeblock_1.o(i.getAltitudeFromAltitudeBlock)
    getChannel1Value                         0x08004981   Thumb Code    14  dronecontroller.o(i.getChannel1Value)
    getChannel2Value                         0x08004995   Thumb Code    14  dronecontroller.o(i.getChannel2Value)
    getChannel3Value                         0x080049a9   Thumb Code    14  dronecontroller.o(i.getChannel3Value)
    getChannel4Value                         0x080049bd   Thumb Code    14  dronecontroller.o(i.getChannel4Value)
    getControlPitchValue                     0x080049d1   Thumb Code    10  dronecontroller.o(i.getControlPitchValue)
    getControlRollValue                      0x080049e1   Thumb Code    10  dronecontroller.o(i.getControlRollValue)
    getControlThrValue                       0x080049f1   Thumb Code    10  dronecontroller.o(i.getControlThrValue)
    getControlYawValue                       0x08004a01   Thumb Code    10  dronecontroller.o(i.getControlYawValue)
    getCurrentTime                           0x08004a11   Thumb Code    56  tctime.o(i.getCurrentTime)
    getEuler                                 0x08004a4d   Thumb Code    16  eulerblock.o(i.getEuler)
    getFlyAction                             0x08004a61   Thumb Code    76  analystcontrol.o(i.getFlyAction)
    getGyro                                  0x08004aad   Thumb Code    22  imublock.o(i.getGyro)
    getGyroCalculateOffsetResult             0x08004ac9   Thumb Code    62  gyrooffsetcalculator.o(i.getGyroCalculateOffsetResult)
    getGyroOffset                            0x08004b09   Thumb Code    20  dronestore.o(i.getGyroOffset)
    getListenerUartList                      0x08004b21   Thumb Code    28  uarthandler.o(i.getListenerUartList)
    getMagnet                                0x08004b45   Thumb Code    22  imublock.o(i.getMagnet)
    getMs5611Altitude                        0x08004b61   Thumb Code    10  barometerms5611.o(i.getMs5611Altitude)
    getMs5611ReadPressureCommand             0x08004b6b   Thumb Code    56  ms5611reader.o(i.getMs5611ReadPressureCommand)
    getMs5611ReadTempCommand                 0x08004ba3   Thumb Code    56  ms5611reader.o(i.getMs5611ReadTempCommand)
    getNextAction                            0x08004bdb   Thumb Code   104  barometerms5611.o(i.getNextAction)
    getNumberEmptyBuffer                     0x08004c43   Thumb Code    26  buffer.o(i.getNumberEmptyBuffer)
    getRawAccel                              0x08004c5d   Thumb Code    18  mpu9250reader.o(i.getRawAccel)
    getRawGyro                               0x08004c6f   Thumb Code    16  mpu9250reader.o(i.getRawGyro)
    getRawMagnet                             0x08004c7f   Thumb Code    18  mpu9250reader.o(i.getRawMagnet)
    getRealAccelZ                            0x08004c91   Thumb Code    16  imublock.o(i.getRealAccelZ)
    getThrottle                              0x08004ca9   Thumb Code    64  generalfly.o(i.getThrottle)
    holdAll                                  0x08004ced   Thumb Code    32  flycontrolblock.o(i.holdAll)
    holdAltitude                             0x08004d0d   Thumb Code    22  flycontrolblock.o(i.holdAltitude)
    holdPosition                             0x08004d23   Thumb Code    22  flycontrolblock.o(i.holdPosition)
    initAltitudeCalibraionProgram            0x08004d39   Thumb Code    12  altitudecalibrationprogram.o(i.initAltitudeCalibraionProgram)
    initBarometerMs5611                      0x08004d49   Thumb Code    62  barometerms5611.o(i.initBarometerMs5611)
    initBuffer                               0x08004d87   Thumb Code    38  buffer.o(i.initBuffer)
    initCounterTimeMain                      0x08004dad   Thumb Code    82  tctime.o(i.initCounterTimeMain)
    initDeltaTimeChecker                     0x08004e0d   Thumb Code    16  deltatimechecker.o(i.initDeltaTimeChecker)
    initDroneController                      0x08004e1d   Thumb Code     8  dronecontroller.o(i.initDroneController)
    initEulerBlock                           0x08004e25   Thumb Code    32  eulerblock.o(i.initEulerBlock)
    initEulerCalculator                      0x08004e55   Thumb Code    54  eulercalculator.o(i.initEulerCalculator)
    initGpioI2C                              0x08004e91   Thumb Code    72  i2c.o(i.initGpioI2C)
    initGyroCalib                            0x08004edd   Thumb Code    40  imublock.o(i.initGyroCalib)
    initGyroCalibrationProgram               0x08004f09   Thumb Code    20  gyrocalibrationprogram.o(i.initGyroCalibrationProgram)
    initGyroOffsetCalculator                 0x08004f25   Thumb Code    14  gyrooffsetcalculator.o(i.initGyroOffsetCalculator)
    initI2C                                  0x08004f33   Thumb Code    12  i2c.o(i.initI2C)
    initI2C2                                 0x08004f41   Thumb Code    60  i2c.o(i.initI2C2)
    initImuBlock                             0x08004f85   Thumb Code    12  imublock.o(i.initImuBlock)
    initImuCalibrator                        0x08004f91   Thumb Code    14  imucalibrate.o(i.initImuCalibrator)
    initImuReader                            0x08004fa1   Thumb Code    10  imublock.o(i.initImuReader)
    initMotorControlBlock                    0x08004fb1   Thumb Code    16  motorcontrolblock.o(i.initMotorControlBlock)
    initMotorOutGpio                         0x08004fc1   Thumb Code    90  motorcontrolblock.o(i.initMotorOutGpio)
    initMotorPwms                            0x08005021   Thumb Code   124  motorcontrolblock.o(i.initMotorPwms)
    initMotorTimer                           0x080050a5   Thumb Code    42  motorcontrolblock.o(i.initMotorTimer)
    initMpu9250Reader                        0x080050d5   Thumb Code    40  mpu9250reader.o(i.initMpu9250Reader)
    initMs5611Calculator                     0x080050fd   Thumb Code    26  ms5611calculator.o(i.initMs5611Calculator)
    initMs5611Reader                         0x08005117   Thumb Code     4  ms5611reader.o(i.initMs5611Reader)
    initSBusReader                           0x0800511d   Thumb Code    14  sbusreader.o(i.initSBusReader)
    initUart4NVIC                            0x08005131   Thumb Code    72  uartinterrupt.o(i.initUart4NVIC)
    initUart6NVIC                            0x08005189   Thumb Code    74  uartinterrupt.o(i.initUart6NVIC)
    initUartWithNVIC                         0x080051e5   Thumb Code    36  uartcontrol.o(i.initUartWithNVIC)
    invSqrt                                  0x08005259   Thumb Code    56  eulercalculator.o(i.invSqrt)
    isBufferFull                             0x08005295   Thumb Code    18  buffer.o(i.isBufferFull)
    isBufferNull                             0x080052a7   Thumb Code    14  buffer.o(i.isBufferNull)
    isEnableBasicFlyMode                     0x080052b5   Thumb Code     6  basicflymode.o(i.isEnableBasicFlyMode)
    isEnableDeltaTimeChecker                 0x080052c1   Thumb Code     6  deltatimechecker.o(i.isEnableDeltaTimeChecker)
    isEnableHoldAltitudeMode                 0x080052c9   Thumb Code     6  holdaltitudemode.o(i.isEnableHoldAltitudeMode)
    isEnableHoldPositionMode                 0x080052d5   Thumb Code     6  holdpositionmode.o(i.isEnableHoldPositionMode)
    isInitAltitudeBlock                      0x080052e1   Thumb Code     6  altitudeblock_1.o(i.isInitAltitudeBlock)
    isQuadOff                                0x080052ed   Thumb Code    16  analystcontrol.o(i.isQuadOff)
    isQuadOn                                 0x08005301   Thumb Code    16  analystcontrol.o(i.isQuadOn)
    isRequestTemp                            0x08005315   Thumb Code    28  barometerms5611.o(i.isRequestTemp)
    isRunCalibrateProgram                    0x08005331   Thumb Code     6  dronecontroller.o(i.isRunCalibrateProgram)
    loop                                     0x0800533d   Thumb Code    96  main.o(i.loop)
    main                                     0x080053a5   Thumb Code    30  main.o(i.main)
    mapQualityToOSR                          0x080053c3   Thumb Code    50  barometerms5611.o(i.mapQualityToOSR)
    normaliseVector3D                        0x080053f5   Thumb Code   144  vector3d.o(i.normaliseVector3D)
    nvicHandler                              0x08005485   Thumb Code    48  uartinterrupt.o(i.nvicHandler)
    parseData                                0x080054b5   Thumb Code   128  mpu9250reader.o(i.parseData)
    quaternionToDegEuler                     0x08005539   Thumb Code   384  eulercalculator.o(i.quaternionToDegEuler)
    readAccelAndGyroDataMpu9250              0x080056bd   Thumb Code    46  mpu9250reader.o(i.readAccelAndGyroDataMpu9250)
    readAccelOffset                          0x080056ed   Thumb Code    26  dronestore.o(i.readAccelOffset)
    readBytesViaI2C                          0x0800570d   Thumb Code    80  i2c.o(i.readBytesViaI2C)
    readDataFromDroneStore                   0x08005765   Thumb Code    28  dronestore.o(i.readDataFromDroneStore)
    readElementEprom                         0x08005785   Thumb Code    36  ms5611epromreader.o(i.readElementEprom)
    readEprom                                0x080057a9   Thumb Code    22  barometerms5611.o(i.readEprom)
    readFromFlash                            0x080057bf   Thumb Code     8  flashreader.o(i.readFromFlash)
    readFullDataMpu9250                      0x080057c7   Thumb Code    74  mpu9250reader.o(i.readFullDataMpu9250)
    readGyroOffset                           0x08005811   Thumb Code    26  dronestore.o(i.readGyroOffset)
    readMs5611Eprom                          0x08005831   Thumb Code    54  ms5611epromreader.o(i.readMs5611Eprom)
    readPressureFromMs5611                   0x08005867   Thumb Code    32  barometerms5611.o(i.readPressureFromMs5611)
    readPressureMs5611                       0x08005887   Thumb Code    42  ms5611reader.o(i.readPressureMs5611)
    readTempFromMs5611                       0x080058b1   Thumb Code    32  barometerms5611.o(i.readTempFromMs5611)
    readTempMs5611                           0x080058d1   Thumb Code    42  ms5611reader.o(i.readTempMs5611)
    realloc                                  0x080058fd   Thumb Code   102  mallocr.o(i.realloc)
    registerUartListener                     0x08005969   Thumb Code    42  uarthandler.o(i.registerUartListener)
    removeBytesInBuffer                      0x08005993   Thumb Code    48  buffer.o(i.removeBytesInBuffer)
    requestAccelAndGyro                      0x080059c5   Thumb Code   108  mpu9250reader.o(i.requestAccelAndGyro)
    requestAndReadBytesViaI2C                0x08005a35   Thumb Code    34  i2c.o(i.requestAndReadBytesViaI2C)
    requestI2C                               0x08005a57   Thumb Code    20  i2c.o(i.requestI2C)
    requestMagnet                            0x08005a6d   Thumb Code    54  mpu9250reader.o(i.requestMagnet)
    requestPressureFromMs5611                0x08005aa9   Thumb Code    22  barometerms5611.o(i.requestPressureFromMs5611)
    requestPressureMs5611                    0x08005abf   Thumb Code    22  ms5611reader.o(i.requestPressureMs5611)
    requestTempFromMs5611                    0x08005ad5   Thumb Code    22  barometerms5611.o(i.requestTempFromMs5611)
    requestTempMs5611                        0x08005aeb   Thumb Code    22  ms5611reader.o(i.requestTempMs5611)
    reset                                    0x08005b01   Thumb Code    22  main.o(i.reset)
    resetComplementeryFilter                 0x08005b1d   Thumb Code    10  complementeryfilter.o(i.resetComplementeryFilter)
    resetController                          0x08005b2d   Thumb Code    12  dronecontroller.o(i.resetController)
    resetDataQuadcore                        0x08005b41   Thumb Code     8  generalfly.o(i.resetDataQuadcore)
    resetDeltaTimeChecker                    0x08005b49   Thumb Code    16  deltatimechecker.o(i.resetDeltaTimeChecker)
    resetFloatArray                          0x08005b59   Thumb Code    22  arrayutil.o(i.resetFloatArray)
    resetImuBlock                            0x08005b6f   Thumb Code     8  imublock.o(i.resetImuBlock)
    resetMs5611                              0x08005b77   Thumb Code    18  barometerms5611.o(i.resetMs5611)
    resetPID                                 0x08005b89   Thumb Code    30  pid.o(i.resetPID)
    resetPIDWithNewSetPoint                  0x08005bad   Thumb Code    20  pid.o(i.resetPIDWithNewSetPoint)
    resetQuadCore                            0x08005bc1   Thumb Code    60  quadcore.o(i.resetQuadCore)
    scaleVector3D                            0x08005c0d   Thumb Code    58  vector3d.o(i.scaleVector3D)
    scaleVector3DIntToVector3D               0x08005c47   Thumb Code    88  vector3d.o(i.scaleVector3DIntToVector3D)
    setNewAltitudeSp                         0x08005ca1   Thumb Code    26  holdaltitude.o(i.setNewAltitudeSp)
    setSetPoint                              0x08005cc1   Thumb Code     6  pid.o(i.setSetPoint)
    setUp                                    0x08005cc9   Thumb Code    46  main.o(i.setUp)
    sqrt                                     0x08005cfd   Thumb Code   110  sqrt.o(i.sqrt)
    start                                    0x08005d6d   Thumb Code    66  flycontrolblock.o(i.start)
    startAltitudeCalibrationProgram          0x08005db5   Thumb Code   116  altitudecalibrationprogram.o(i.startAltitudeCalibrationProgram)
    startCalibrate                           0x08005e39   Thumb Code    34  main.o(i.startCalibrate)
    startGyroCalibrationProgram              0x08005e5d   Thumb Code    38  gyrocalibrationprogram.o(i.startGyroCalibrationProgram)
    startI2C                                 0x08005e89   Thumb Code    94  i2c.o(i.startI2C)
    stopI2C                                  0x08005ef5   Thumb Code    12  i2c.o(i.stopI2C)
    subVector3D16                            0x08005f05   Thumb Code    68  vector3d.o(i.subVector3D16)
    sumPID                                   0x08005f49   Thumb Code    54  pid.o(i.sumPID)
    testGyroData                             0x08005f81   Thumb Code   328  main.o(i.testGyroData)
    turnOff                                  0x080060d1   Thumb Code    22  flycontrolblock.o(i.turnOff)
    turnOn                                   0x080060ed   Thumb Code    22  flycontrolblock.o(i.turnOn)
    updateBarometerMs5611                    0x08006109   Thumb Code    86  barometerms5611.o(i.updateBarometerMs5611)
    updateBasicFlyMode                       0x0800615f   Thumb Code    74  basicflymode.o(i.updateBasicFlyMode)
    updateCalculator                         0x080061a9   Thumb Code   144  eulerblock.o(i.updateCalculator)
    updateComplementeryFilter                0x08006245   Thumb Code    38  complementeryfilter.o(i.updateComplementeryFilter)
    updateControlToQuadCore                  0x0800626b   Thumb Code    98  generalfly.o(i.updateControlToQuadCore)
    updateDataToQuadCore                     0x080062cd   Thumb Code    94  generalfly.o(i.updateDataToQuadCore)
    updateErrorPID                           0x08006331   Thumb Code    98  pid.o(i.updateErrorPID)
    updateEulerBlock                         0x08006395   Thumb Code    28  eulerblock.o(i.updateEulerBlock)
    updateFlyControlBlock                    0x080063b9   Thumb Code   202  flycontrolblock.o(i.updateFlyControlBlock)
    updateHoldAltitude                       0x08006499   Thumb Code    44  holdaltitude.o(i.updateHoldAltitude)
    updateHoldAltitudeMode                   0x080064cd   Thumb Code    64  holdaltitudemode.o(i.updateHoldAltitudeMode)
    updateHoldAltitudeModeWithOutPwm         0x0800650d   Thumb Code     8  holdaltitudemode.o(i.updateHoldAltitudeModeWithOutPwm)
    updateHoldPositionMode                   0x08006515   Thumb Code    28  holdpositionmode.o(i.updateHoldPositionMode)
    updateHoldPositionModeWithThr            0x08006531   Thumb Code    60  holdpositionmode.o(i.updateHoldPositionModeWithThr)
    updateImuBlock                           0x0800656d   Thumb Code    16  imublock.o(i.updateImuBlock)
    updateImuCalculator                      0x08006585   Thumb Code  1380  eulercalculator.o(i.updateImuCalculator)
    updateImuCalculatorWithOutHeading        0x08006aed   Thumb Code   818  eulercalculator.o(i.updateImuCalculatorWithOutHeading)
    updateMotorControlBlock                  0x08006e25   Thumb Code   104  motorcontrolblock.o(i.updateMotorControlBlock)
    updatePID                                0x08006e91   Thumb Code    46  pid.o(i.updatePID)
    updatePidOnAxisDebug                     0x08006ec1   Thumb Code   158  quadcore.o(i.updatePidOnAxisDebug)
    updateQuadCore                           0x08006f79   Thumb Code   110  quadcore.o(i.updateQuadCore)
    updateQuadState                          0x08006fed   Thumb Code    86  flycontrolblock.o(i.updateQuadState)
    updateTempAndPressureMs5611Calculator    0x08007049   Thumb Code    32  ms5611calculator.o(i.updateTempAndPressureMs5611Calculator)
    waitPressureResultFromMs5611             0x08007069   Thumb Code    36  barometerms5611.o(i.waitPressureResultFromMs5611)
    waitTempResultFromMs5611                 0x0800708d   Thumb Code    36  barometerms5611.o(i.waitTempResultFromMs5611)
    wrapBytesToInt16_tArray                  0x080070b1   Thumb Code    60  arrayutil.o(i.wrapBytesToInt16_tArray)
    writeAltitudeOffset                      0x080070ed   Thumb Code     8  dronestore.o(i.writeAltitudeOffset)
    writeByteWithOutRegViaI2c                0x080070f9   Thumb Code    20  i2c.o(i.writeByteWithOutRegViaI2c)
    writeBytesWithOutRegViaI2c               0x0800710d   Thumb Code    58  i2c.o(i.writeBytesWithOutRegViaI2c)
    writeGyroOffset                          0x08007151   Thumb Code    12  dronestore.o(i.writeGyroOffset)
    __mathlib_zero                           0x080072d0   Data           8  qnan.o(.constdata)
    Region$$Table$$Base                      0x080072d8   Number         0  anon$$obj.o(Region$$Table)
    Region$$Table$$Limit                     0x080072f8   Number         0  anon$$obj.o(Region$$Table)
    SystemCoreClock                          0x20000010   Data           4  system_stm32f4xx.o(.data)
    AHBPrescTable                            0x20000014   Data          16  system_stm32f4xx.o(.data)
    numberSubcriber                          0x20000048   Data           4  systemtick.o(.data)
    flagInitSystemTick                       0x2000004c   Data           4  systemtick.o(.data)
    _configGyro                              0x20000054   Data           1  tm_stm32f4_mpu9250.o(.data)
    rawGyroX                                 0x20000056   Data           2  tm_stm32f4_mpu9250.o(.data)
    rawGyroY                                 0x20000058   Data           2  tm_stm32f4_mpu9250.o(.data)
    rawGyroZ                                 0x2000005a   Data           2  tm_stm32f4_mpu9250.o(.data)
    hAlt_accelFilter                         0x2000005c   Data           8  holdaltitude.o(.data)
    hAlt_hAccelFilter                        0x20000064   Data           8  holdaltitude.o(.data)
    holdAltAlgorithmFlag                     0x2000006c   Data           4  holdaltitude.o(.data)
    pidAlt1                                  0x20000070   Data           4  holdaltitude.o(.data)
    pidAlt2                                  0x20000074   Data           4  holdaltitude.o(.data)
    onFlag                                   0x20000078   Data           4  dronecontroller.o(.data)
    runCalibrateProgramFlag                  0x2000007c   Data           4  dronecontroller.o(.data)
    readDroneStoreFlag                       0x20000080   Data           4  dronestore.o(.data)
    storeAccelOffset                         0x20000084   Data           6  dronestore.o(.data)
    storeGyroOffset                          0x2000008a   Data           6  dronestore.o(.data)
    storeAltitudeOffset                      0x20000090   Data           4  dronestore.o(.data)
    matrixMagnet                             0x20000094   Data          36  dronestore.o(.data)
    biasMagnet                               0x200000b8   Data           8  dronestore.o(.data)
    altBlock_altitude                        0x200000c0   Data           4  altitudeblock_1.o(.data)
    altBlock_isInitBlog                      0x200000c4   Data           4  altitudeblock_1.o(.data)
    debugBeforeAlt                           0x200000c8   Data           4  altitudeblock_1.o(.data)
    debugAfterAlt                            0x200000cc   Data           4  altitudeblock_1.o(.data)
    gyroCalib                                0x200000d4   Data           6  imublock.o(.data)
    convertDataFlag                          0x200000dc   Data           4  imublock.o(.data)
    quadState                                0x200000f4   Data           1  flycontrolblock.o(.data)
    debug_Action                             0x200000f8   Data           4  flycontrolblock.o(.data)
    debug_pwm0                               0x200000fc   Data           4  flycontrolblock.o(.data)
    debug_pwm1                               0x20000100   Data           4  flycontrolblock.o(.data)
    debug_pwm2                               0x20000104   Data           4  flycontrolblock.o(.data)
    debug_pwm3                               0x20000108   Data           4  flycontrolblock.o(.data)
    holdAltitude_EnableFlag                  0x2000010c   Data           4  holdaltitudemode.o(.data)
    basicFlyMode_EnableFlag                  0x20000110   Data           4  basicflymode.o(.data)
    pQuadState                               0x20000114   Data           4  analystcontrol.o(.data)
    debug_QuadOn                             0x20000118   Data           4  analystcontrol.o(.data)
    debug_thr                                0x2000011c   Data           4  analystcontrol.o(.data)
    holdPositionMode_EnableFlag              0x20000120   Data           4  holdpositionmode.o(.data)
    gyroOffsetResult                         0x20000124   Data           6  gyrocalibrationprogram.o(.data)
    __microlib_freelist                      0x2000012c   Data           4  mvars.o(.data)
    __microlib_freelist_initialised          0x20000130   Data           4  mvars.o(.data)
    listenerUartList4                        0x20000138   Data          84  uarthandler.o(.bss)
    listenerUartList6                        0x2000018c   Data          84  uarthandler.o(.bss)
    uartBuffer4                              0x200001e0   Data          12  uartinterrupt.o(.bss)
    uartBuffer6                              0x200001ec   Data          12  uartinterrupt.o(.bss)
    systemTickSubcriber                      0x20000210   Data         400  systemtick.o(.bss)
    tlReader                                 0x200003a0   Data          72  mpu9250reader.o(.bss)
    hAlt_AltPid                              0x200003e8   Data          48  holdaltitude.o(.bss)
    hAlt_AccelPid                            0x20000418   Data          48  holdaltitude.o(.bss)
    eulerPids                                0x20000448   Data         144  quadcore.o(.bss)
    gyroPids                                 0x200004d8   Data         144  quadcore.o(.bss)
    gyroFilters                              0x20000568   Data          24  quadcore.o(.bss)
    core_res                                 0x20000580   Data          12  quadcore.o(.bss)
    timerUpdateEuler                         0x2000058c   Data          12  quadcore.o(.bss)
    mSBusData                                0x20000598   Data          32  dronecontroller.o(.bss)
    droneController                          0x200005b8   Data          48  dronecontroller.o(.bss)
    thr                                      0x200005e8   Data          12  dronecontroller.o(.bss)
    roll                                     0x200005f4   Data          12  dronecontroller.o(.bss)
    pitch                                    0x20000600   Data          12  dronecontroller.o(.bss)
    yaw                                      0x2000060c   Data          12  dronecontroller.o(.bss)
    debugSBusData                            0x20000618   Data          32  dronecontroller.o(.bss)
    cal                                      0x20000644   Data          40  eulerblock.o(.bss)
    imuBlockTimeChecker                      0x2000066c   Data          12  eulerblock.o(.bss)
    mEuler                                   0x20000678   Data          12  eulerblock.o(.bss)
    mpuReader                                0x20000684   Data          20  imublock.o(.bss)
    mAccel                                   0x20000698   Data          12  imublock.o(.bss)
    mGyro                                    0x200006a4   Data          12  imublock.o(.bss)
    mMagnet                                  0x200006b0   Data          12  imublock.o(.bss)
    mMagnetCalib                             0x200006bc   Data          48  imublock.o(.bss)
    debug_quadCoreResult                     0x200006ec   Data          12  generalfly.o(.bss)
    altCalib_Barometer                       0x20000710   Data          72  altitudecalibrationprogram.o(.bss)
    gyroPro_cal                              0x20000758   Data          20  gyrocalibrationprogram.o(.bss)
    gyroPro_reader                           0x2000076c   Data          20  gyrocalibrationprogram.o(.bss)
    timeCheckerMainLoop                      0x20000780   Data          12  main.o(.bss)
    t_InteGyro                               0x2000078c   Data          12  main.o(.bss)
    t_MaxGyro                                0x20000798   Data          12  main.o(.bss)
    __heap_base                              0x200007b8   Data           0  startup_stm32f427_437xx.o(HEAP)
    __heap_limit                             0x200207b8   Data           0  startup_stm32f427_437xx.o(HEAP)
    __initial_sp                             0x200212b8   Data           0  startup_stm32f427_437xx.o(STACK)



==============================================================================

Memory Map of the image

  Image Entry point : 0x080001ad

  Load Region LR_IROM1 (Base: 0x08000000, Size: 0x00007430, Max: 0x00100000, ABSOLUTE, COMPRESSED[0x0000734c])

    Execution Region ER_IROM1 (Exec base: 0x08000000, Load base: 0x08000000, Size: 0x000072f8, Max: 0x00100000, ABSOLUTE)

    Exec Addr    Load Addr    Size         Type   Attr      Idx    E Section Name        Object

    0x08000000   0x08000000   0x000001ac   Data   RO         1931    RESET               startup_stm32f427_437xx.o
    0x080001ac   0x080001ac   0x00000000   Code   RO         7116  * .ARM.Collect$$$$00000000  mc_w.l(entry.o)
    0x080001ac   0x080001ac   0x00000004   Code   RO         7479    .ARM.Collect$$$$00000001  mc_w.l(entry2.o)
    0x080001b0   0x080001b0   0x00000004   Code   RO         7482    .ARM.Collect$$$$00000004  mc_w.l(entry5.o)
    0x080001b4   0x080001b4   0x00000000   Code   RO         7484    .ARM.Collect$$$$00000008  mc_w.l(entry7b.o)
    0x080001b4   0x080001b4   0x00000000   Code   RO         7486    .ARM.Collect$$$$0000000A  mc_w.l(entry8b.o)
    0x080001b4   0x080001b4   0x00000008   Code   RO         7487    .ARM.Collect$$$$0000000B  mc_w.l(entry9a.o)
    0x080001bc   0x080001bc   0x00000000   Code   RO         7489    .ARM.Collect$$$$0000000D  mc_w.l(entry10a.o)
    0x080001bc   0x080001bc   0x00000000   Code   RO         7491    .ARM.Collect$$$$0000000F  mc_w.l(entry11a.o)
    0x080001bc   0x080001bc   0x00000004   Code   RO         7480    .ARM.Collect$$$$00002712  mc_w.l(entry2.o)
    0x080001c0   0x080001c0   0x00000024   Code   RO         1932    .text               startup_stm32f427_437xx.o
    0x080001e4   0x080001e4   0x00000024   Code   RO         7119    .text               mc_w.l(memcpya.o)
    0x08000208   0x08000208   0x0000014e   Code   RO         7414    .text               mf_w.l(dadd.o)
    0x08000356   0x08000356   0x000000e4   Code   RO         7416    .text               mf_w.l(dmul.o)
    0x0800043a   0x0800043a   0x000000de   Code   RO         7418    .text               mf_w.l(ddiv.o)
    0x08000518   0x08000518   0x0000002c   Code   RO         7422    .text               mf_w.l(ffltl.o)
    0x08000544   0x08000544   0x00000026   Code   RO         7424    .text               mf_w.l(f2d.o)
    0x0800056a   0x0800056a   0x00000002   PAD
    0x0800056c   0x0800056c   0x00000030   Code   RO         7428    .text               mf_w.l(cdrcmple.o)
    0x0800059c   0x0800059c   0x00000038   Code   RO         7430    .text               mf_w.l(d2f.o)
    0x080005d4   0x080005d4   0x0000001e   Code   RO         7497    .text               mc_w.l(llshl.o)
    0x080005f2   0x080005f2   0x00000024   Code   RO         7499    .text               mc_w.l(llsshr.o)
    0x08000616   0x08000616   0x00000000   Code   RO         7510    .text               mc_w.l(iusefp.o)
    0x08000616   0x08000616   0x0000006e   Code   RO         7511    .text               mf_w.l(fepilogue.o)
    0x08000684   0x08000684   0x000000ba   Code   RO         7513    .text               mf_w.l(depilogue.o)
    0x0800073e   0x0800073e   0x0000002e   Code   RO         7515    .text               mf_w.l(dscalb.o)
    0x0800076c   0x0800076c   0x000000a2   Code   RO         7517    .text               mf_w.l(dsqrt.o)
    0x0800080e   0x0800080e   0x00000022   Code   RO         7519    .text               mf_w.l(dflti.o)
    0x08000830   0x08000830   0x00000024   Code   RO         7523    .text               mc_w.l(init.o)
    0x08000854   0x08000854   0x00000020   Code   RO         7525    .text               mc_w.l(llushr.o)
    0x08000874   0x08000874   0x00000056   Code   RO         7539    .text               mc_w.l(__dczerorl2.o)
    0x080008ca   0x080008ca   0x00000004   Code   RO         2758    i.BusFault_Handler  stm32f4xx_it.o
    0x080008ce   0x080008ce   0x00000002   Code   RO         2759    i.DebugMon_Handler  stm32f4xx_it.o
    0x080008d0   0x080008d0   0x00000090   Code   RO          412    i.GPIO_Init         stm32f4xx_gpio.o
    0x08000960   0x08000960   0x00000046   Code   RO          413    i.GPIO_PinAFConfig  stm32f4xx_gpio.o
    0x080009a6   0x080009a6   0x00000004   Code   RO         2760    i.HardFault_Handler  stm32f4xx_it.o
    0x080009aa   0x080009aa   0x00000018   Code   RO          514    i.I2C_AcknowledgeConfig  stm32f4xx_i2c.o
    0x080009c2   0x080009c2   0x0000002a   Code   RO          517    i.I2C_CheckEvent    stm32f4xx_i2c.o
    0x080009ec   0x080009ec   0x00000018   Code   RO          520    i.I2C_Cmd           stm32f4xx_i2c.o
    0x08000a04   0x08000a04   0x00000060   Code   RO          523    i.I2C_DeInit        stm32f4xx_i2c.o
    0x08000a64   0x08000a64   0x00000018   Code   RO          528    i.I2C_GenerateSTART  stm32f4xx_i2c.o
    0x08000a7c   0x08000a7c   0x00000018   Code   RO          529    i.I2C_GenerateSTOP  stm32f4xx_i2c.o
    0x08000a94   0x08000a94   0x0000003a   Code   RO          530    i.I2C_GetFlagStatus  stm32f4xx_i2c.o
    0x08000ace   0x08000ace   0x00000002   PAD
    0x08000ad0   0x08000ad0   0x000000e8   Code   RO          535    i.I2C_Init          stm32f4xx_i2c.o
    0x08000bb8   0x08000bb8   0x00000008   Code   RO          540    i.I2C_ReceiveData   stm32f4xx_i2c.o
    0x08000bc0   0x08000bc0   0x00000010   Code   RO          542    i.I2C_Send7bitAddress  stm32f4xx_i2c.o
    0x08000bd0   0x08000bd0   0x00000004   Code   RO          543    i.I2C_SendData      stm32f4xx_i2c.o
    0x08000bd4   0x08000bd4   0x00000004   Code   RO         2761    i.MemManage_Handler  stm32f4xx_it.o
    0x08000bd8   0x08000bd8   0x00000002   Code   RO         2762    i.NMI_Handler       stm32f4xx_it.o
    0x08000bda   0x08000bda   0x00000002   PAD
    0x08000bdc   0x08000bdc   0x00000078   Code   RO            4    i.NVIC_Init         misc.o
    0x08000c54   0x08000c54   0x00000014   Code   RO            5    i.NVIC_PriorityGroupConfig  misc.o
    0x08000c68   0x08000c68   0x00000002   Code   RO         2763    i.PendSV_Handler    stm32f4xx_it.o
    0x08000c6a   0x08000c6a   0x00000002   PAD
    0x08000c6c   0x08000c6c   0x00000020   Code   RO          795    i.RCC_AHB1PeriphClockCmd  stm32f4xx_rcc.o
    0x08000c8c   0x08000c8c   0x00000020   Code   RO          804    i.RCC_APB1PeriphClockCmd  stm32f4xx_rcc.o
    0x08000cac   0x08000cac   0x00000020   Code   RO          806    i.RCC_APB1PeriphResetCmd  stm32f4xx_rcc.o
    0x08000ccc   0x08000ccc   0x00000020   Code   RO          807    i.RCC_APB2PeriphClockCmd  stm32f4xx_rcc.o
    0x08000cec   0x08000cec   0x000000e8   Code   RO          816    i.RCC_GetClocksFreq  stm32f4xx_rcc.o
    0x08000dd4   0x08000dd4   0x00000002   Code   RO         2764    i.SVC_Handler       stm32f4xx_it.o
    0x08000dd6   0x08000dd6   0x00000002   PAD
    0x08000dd8   0x08000dd8   0x00000120   Code   RO         1891    i.SetSysClock       system_stm32f4xx.o
    0x08000ef8   0x08000ef8   0x00000040   Code   RO         3680    i.SysTick_Handler   systemtick.o
    0x08000f38   0x08000f38   0x00000068   Code   RO         1893    i.SystemInit        system_stm32f4xx.o
    0x08000fa0   0x08000fa0   0x00000018   Code   RO         1137    i.TIM_ARRPreloadConfig  stm32f4xx_tim.o
    0x08000fb8   0x08000fb8   0x00000006   Code   RO         1143    i.TIM_ClearFlag     stm32f4xx_tim.o
    0x08000fbe   0x08000fbe   0x00000018   Code   RO         1149    i.TIM_Cmd           stm32f4xx_tim.o
    0x08000fd6   0x08000fd6   0x0000001e   Code   RO         1151    i.TIM_CtrlPWMOutputs  stm32f4xx_tim.o
    0x08000ff4   0x08000ff4   0x00000006   Code   RO         1168    i.TIM_GetCounter    stm32f4xx_tim.o
    0x08000ffa   0x08000ffa   0x00000012   Code   RO         1169    i.TIM_GetFlagStatus  stm32f4xx_tim.o
    0x0800100c   0x0800100c   0x0000007c   Code   RO         1178    i.TIM_OC1Init       stm32f4xx_tim.o
    0x08001088   0x08001088   0x00000012   Code   RO         1181    i.TIM_OC1PreloadConfig  stm32f4xx_tim.o
    0x0800109a   0x0800109a   0x00000002   PAD
    0x0800109c   0x0800109c   0x000000a4   Code   RO         1183    i.TIM_OC2Init       stm32f4xx_tim.o
    0x08001140   0x08001140   0x0000001a   Code   RO         1186    i.TIM_OC2PreloadConfig  stm32f4xx_tim.o
    0x0800115a   0x0800115a   0x00000002   PAD
    0x0800115c   0x0800115c   0x000000a0   Code   RO         1188    i.TIM_OC3Init       stm32f4xx_tim.o
    0x080011fc   0x080011fc   0x00000012   Code   RO         1191    i.TIM_OC3PreloadConfig  stm32f4xx_tim.o
    0x0800120e   0x0800120e   0x00000002   PAD
    0x08001210   0x08001210   0x00000078   Code   RO         1193    i.TIM_OC4Init       stm32f4xx_tim.o
    0x08001288   0x08001288   0x0000001a   Code   RO         1195    i.TIM_OC4PreloadConfig  stm32f4xx_tim.o
    0x080012a2   0x080012a2   0x00000004   Code   RO         1211    i.TIM_SetCompare1   stm32f4xx_tim.o
    0x080012a6   0x080012a6   0x00000004   Code   RO         1212    i.TIM_SetCompare2   stm32f4xx_tim.o
    0x080012aa   0x080012aa   0x00000004   Code   RO         1213    i.TIM_SetCompare3   stm32f4xx_tim.o
    0x080012ae   0x080012ae   0x00000004   Code   RO         1214    i.TIM_SetCompare4   stm32f4xx_tim.o
    0x080012b2   0x080012b2   0x00000002   PAD
    0x080012b4   0x080012b4   0x00000084   Code   RO         1221    i.TIM_TimeBaseInit  stm32f4xx_tim.o
    0x08001338   0x08001338   0x0000000e   Code   RO         3131    i.TM_GPIO_GetPortSource  tm_stm32f4_gpio.o
    0x08001346   0x08001346   0x00000002   PAD
    0x08001348   0x08001348   0x00000020   Code   RO         3134    i.TM_GPIO_INT_EnableClock  tm_stm32f4_gpio.o
    0x08001368   0x08001368   0x000000b0   Code   RO         3135    i.TM_GPIO_INT_Init  tm_stm32f4_gpio.o
    0x08001418   0x08001418   0x00000030   Code   RO         3136    i.TM_GPIO_Init      tm_stm32f4_gpio.o
    0x08001448   0x08001448   0x0000006e   Code   RO         3137    i.TM_GPIO_InitAlternate  tm_stm32f4_gpio.o
    0x080014b6   0x080014b6   0x00000002   PAD
    0x080014b8   0x080014b8   0x00000064   Code   RO         3244    i.TM_I2C1_INT_InitPins  tm_stm32f4_i2c.o
    0x0800151c   0x0800151c   0x0000006c   Code   RO         3245    i.TM_I2C2_INT_InitPins  tm_stm32f4_i2c.o
    0x08001588   0x08001588   0x00000068   Code   RO         3246    i.TM_I2C3_INT_InitPins  tm_stm32f4_i2c.o
    0x080015f0   0x080015f0   0x00000114   Code   RO         3247    i.TM_I2C_Init       tm_stm32f4_i2c.o
    0x08001704   0x08001704   0x00000002   Code   RO         3248    i.TM_I2C_InitCustomPinsCallback  tm_stm32f4_i2c.o
    0x08001706   0x08001706   0x00000022   Code   RO         3249    i.TM_I2C_IsDeviceConnected  tm_stm32f4_i2c.o
    0x08001728   0x08001728   0x0000003e   Code   RO         3250    i.TM_I2C_Read       tm_stm32f4_i2c.o
    0x08001766   0x08001766   0x00000002   PAD
    0x08001768   0x08001768   0x00000044   Code   RO         3251    i.TM_I2C_ReadAck    tm_stm32f4_i2c.o
    0x080017ac   0x080017ac   0x00000056   Code   RO         3252    i.TM_I2C_ReadMulti  tm_stm32f4_i2c.o
    0x08001802   0x08001802   0x00000002   PAD
    0x08001804   0x08001804   0x0000004c   Code   RO         3254    i.TM_I2C_ReadNack   tm_stm32f4_i2c.o
    0x08001850   0x08001850   0x000000b0   Code   RO         3256    i.TM_I2C_Start      tm_stm32f4_i2c.o
    0x08001900   0x08001900   0x00000040   Code   RO         3257    i.TM_I2C_Stop       tm_stm32f4_i2c.o
    0x08001940   0x08001940   0x00000032   Code   RO         3258    i.TM_I2C_Write      tm_stm32f4_i2c.o
    0x08001972   0x08001972   0x00000002   PAD
    0x08001974   0x08001974   0x0000002c   Code   RO         3259    i.TM_I2C_WriteData  tm_stm32f4_i2c.o
    0x080019a0   0x080019a0   0x00000160   Code   RO         5057    i.TM_MPU9250_Init   tm_stm32f4_mpu9250.o
    0x08001b00   0x08001b00   0x00000098   Code   RO         5058    i.TM_MPU9250_ReadAcce  tm_stm32f4_mpu9250.o
    0x08001b98   0x08001b98   0x000000b0   Code   RO         5059    i.TM_MPU9250_ReadGyro  tm_stm32f4_mpu9250.o
    0x08001c48   0x08001c48   0x000000b8   Code   RO         5060    i.TM_MPU9250_ReadMag  tm_stm32f4_mpu9250.o
    0x08001d00   0x08001d00   0x00000048   Code   RO         2072    i.UART4_IRQHandler  uarthandler.o
    0x08001d48   0x08001d48   0x00000048   Code   RO         2073    i.USART6_IRQHandler  uarthandler.o
    0x08001d90   0x08001d90   0x00000012   Code   RO         1699    i.USART_ClearFlag   stm32f4xx_usart.o
    0x08001da2   0x08001da2   0x00000018   Code   RO         1703    i.USART_Cmd         stm32f4xx_usart.o
    0x08001dba   0x08001dba   0x0000004a   Code   RO         1709    i.USART_ITConfig    stm32f4xx_usart.o
    0x08001e04   0x08001e04   0x000000d4   Code   RO         1710    i.USART_Init        stm32f4xx_usart.o
    0x08001ed8   0x08001ed8   0x0000000a   Code   RO         1717    i.USART_ReceiveData  stm32f4xx_usart.o
    0x08001ee2   0x08001ee2   0x00000004   Code   RO         2765    i.UsageFault_Handler  stm32f4xx_it.o
    0x08001ee6   0x08001ee6   0x00000030   Code   RO         7463    i.__ARM_fpclassify  m_wm.l(fpclassify.o)
    0x08001f16   0x08001f16   0x00000002   PAD
    0x08001f18   0x08001f18   0x0000005c   Code   RO         7390    i.__free$realloc    mc_w.l(mallocr.o)
    0x08001f74   0x08001f74   0x00000004   PAD
    0x08001f78   0x08001f78   0x00000360   Code   RO         7022    i.__hardfp_asin     m_wm.l(asin.o)
    0x080022d8   0x080022d8   0x000002d8   Code   RO         7432    i.__hardfp_atan     m_wm.l(atan.o)
    0x080025b0   0x080025b0   0x000001f0   Code   RO         7036    i.__hardfp_atan2    m_wm.l(atan2.o)
    0x080027a0   0x080027a0   0x00000014   Code   RO         7060    i.__hardfp_fabs     m_wm.l(fabs.o)
    0x080027b4   0x080027b4   0x00000004   PAD
    0x080027b8   0x080027b8   0x00000c50   Code   RO         7066    i.__hardfp_pow      m_wm.l(pow.o)
    0x08003408   0x08003408   0x0000007a   Code   RO         7092    i.__hardfp_sqrt     m_wm.l(sqrt.o)
    0x08003482   0x08003482   0x0000003a   Code   RO         7104    i.__hardfp_sqrtf    m_wm.l(sqrtf.o)
    0x080034bc   0x080034bc   0x000000f8   Code   RO         7465    i.__kernel_poly     m_wm.l(poly.o)
    0x080035b4   0x080035b4   0x00000050   Code   RO         7391    i.__malloc$realloc  mc_w.l(mallocr.o)
    0x08003604   0x08003604   0x00000004   PAD
    0x08003608   0x08003608   0x00000030   Code   RO         7449    i.__mathlib_dbl_divzero  m_wm.l(dunder.o)
    0x08003638   0x08003638   0x00000014   Code   RO         7450    i.__mathlib_dbl_infnan  m_wm.l(dunder.o)
    0x0800364c   0x0800364c   0x00000014   Code   RO         7451    i.__mathlib_dbl_infnan2  m_wm.l(dunder.o)
    0x08003660   0x08003660   0x00000020   Code   RO         7452    i.__mathlib_dbl_invalid  m_wm.l(dunder.o)
    0x08003680   0x08003680   0x00000020   Code   RO         7453    i.__mathlib_dbl_overflow  m_wm.l(dunder.o)
    0x080036a0   0x080036a0   0x00000020   Code   RO         7455    i.__mathlib_dbl_underflow  m_wm.l(dunder.o)
    0x080036c0   0x080036c0   0x0000000e   Code   RO         7533    i.__scatterload_copy  mc_w.l(handlers.o)
    0x080036ce   0x080036ce   0x00000002   Code   RO         7534    i.__scatterload_null  mc_w.l(handlers.o)
    0x080036d0   0x080036d0   0x0000000e   Code   RO         7535    i.__scatterload_zeroinit  mc_w.l(handlers.o)
    0x080036de   0x080036de   0x00000002   PAD
    0x080036e0   0x080036e0   0x0000000c   Code   RO         7505    i.__set_errno       mc_w.l(errno.o)
    0x080036ec   0x080036ec   0x00000010   Code   RO         4310    i.addByteToBuffer   buffer.o
    0x080036fc   0x080036fc   0x0000005e   Code   RO         4311    i.addBytesToBuffer  buffer.o
    0x0800375a   0x0800375a   0x00000038   Code   RO         4505    i.addSample         gyrooffsetcalculator.o
    0x08003792   0x08003792   0x00000002   PAD
    0x08003794   0x08003794   0x0000002c   Code   RO         6777    i.altCalibGetSample  altitudecalibrationprogram.o
    0x080037c0   0x080037c0   0x00000010   Code   RO         7434    i.atan              m_wm.l(atan.o)
    0x080037d0   0x080037d0   0x00000042   Code   RO         4208    i.calD              pid.o
    0x08003812   0x08003812   0x0000002a   Code   RO         4209    i.calE              pid.o
    0x0800383c   0x0800383c   0x00000068   Code   RO         6819    i.calGyroOffset     gyrocalibrationprogram.o
    0x080038a4   0x080038a4   0x00000036   Code   RO         4210    i.calI              pid.o
    0x080038da   0x080038da   0x00000002   PAD
    0x080038dc   0x080038dc   0x0000004c   Code   RO         6395    i.calNewThr         holdaltitudemode.o
    0x08003928   0x08003928   0x0000002e   Code   RO         4211    i.calP              pid.o
    0x08003956   0x08003956   0x00000002   PAD
    0x08003958   0x08003958   0x00000098   Code   RO         5275    i.calculateAltitude  ms5611calculator.o
    0x080039f0   0x080039f0   0x000000d4   Code   RO         5276    i.calculatePressure  ms5611calculator.o
    0x08003ac4   0x08003ac4   0x000000e0   Code   RO         6503    i.calculatePwm      generalfly.o
    0x08003ba4   0x08003ba4   0x0000002c   Code   RO         5277    i.calculateTemp     ms5611calculator.o
    0x08003bd0   0x08003bd0   0x0000006e   Code   RO         4544    i.calibMagnet       magnetcalibrate.o
    0x08003c3e   0x08003c3e   0x0000005a   Code   RO         4545    i.calibMagnetVector  magnetcalibrate.o
    0x08003c98   0x08003c98   0x00000020   Code   RO         4469    i.calibrate         imucalibrate.o
    0x08003cb8   0x08003cb8   0x00000010   Code   RO         6922    i.callFunctionEvadeInterrupt  main.o
    0x08003cc8   0x08003cc8   0x00000024   Code   RO         4926    i.catchErrorMpu9250  mpu9250reader.o
    0x08003cec   0x08003cec   0x0000002c   Code   RO         5606    i.changeSetPointPitch  quadcore.o
    0x08003d18   0x08003d18   0x0000002c   Code   RO         5607    i.changeSetPointRoll  quadcore.o
    0x08003d44   0x08003d44   0x0000002c   Code   RO         5608    i.changeSetPointYaw  quadcore.o
    0x08003d70   0x08003d70   0x00000014   Code   RO         6923    i.checkAndStartCalibrate  main.o
    0x08003d84   0x08003d84   0x0000002c   Code   RO         3448    i.checkDeltaTimeChecker  deltatimechecker.o
    0x08003db0   0x08003db0   0x00000016   Code   RO         6563    i.checkHoldAllControl  analystcontrol.o
    0x08003dc6   0x08003dc6   0x00000002   PAD
    0x08003dc8   0x08003dc8   0x00000048   Code   RO         6564    i.checkHoldAltitudeControl  analystcontrol.o
    0x08003e10   0x08003e10   0x00000094   Code   RO         6565    i.checkHoldPositionControl  analystcontrol.o
    0x08003ea4   0x08003ea4   0x00000060   Code   RO         6566    i.checkStartControl  analystcontrol.o
    0x08003f04   0x08003f04   0x0000001c   Code   RO         3682    i.checkSystemTickSubcriber  systemtick.o
    0x08003f20   0x08003f20   0x00000060   Code   RO         6567    i.checkTakeOffControl  analystcontrol.o
    0x08003f80   0x08003f80   0x00000020   Code   RO         3449    i.checkTimeAccuracy  deltatimechecker.o
    0x08003fa0   0x08003fa0   0x0000001e   Code   RO         5107    i.checkTimeWaitReponse  barometerms5611.o
    0x08003fbe   0x08003fbe   0x00000002   PAD
    0x08003fc0   0x08003fc0   0x00000044   Code   RO         6568    i.checkTurnOffCondition  analystcontrol.o
    0x08004004   0x08004004   0x00000074   Code   RO         6569    i.checkTurnOffControl  analystcontrol.o
    0x08004078   0x08004078   0x00000048   Code   RO         6570    i.checkTurnOnCondition  analystcontrol.o
    0x080040c0   0x080040c0   0x00000074   Code   RO         6571    i.checkTurnOnControl  analystcontrol.o
    0x08004134   0x08004134   0x00000016   Code   RO         4312    i.clearBuffer       buffer.o
    0x0800414a   0x0800414a   0x0000000c   Code   RO         3450    i.compareWithCurrentTime  deltatimechecker.o
    0x08004156   0x08004156   0x0000000e   Code   RO         4928    i.configGeneral     mpu9250reader.o
    0x08004164   0x08004164   0x0000007c   Code   RO         1939    i.configUart4       uartcontrol.o
    0x080041e0   0x080041e0   0x0000007c   Code   RO         1940    i.configUart6       uartcontrol.o
    0x0800425c   0x0800425c   0x00000032   Code   RO         2142    i.configUartNVIC    uartinterrupt.o
    0x0800428e   0x0800428e   0x00000084   Code   RO         3989    i.constraintFloatValue  constraint.o
    0x08004312   0x08004312   0x0000002a   Code   RO         3990    i.constraintFloatValues  constraint.o
    0x0800433c   0x0800433c   0x00000028   Code   RO         3808    i.convertArrayToVector3D  vector3d.o
    0x08004364   0x08004364   0x00000020   Code   RO         3809    i.convertArrayToVector3DInt16  vector3d.o
    0x08004384   0x08004384   0x000000a4   Code   RO         5417    i.convertData       eulercalculator.o
    0x08004428   0x08004428   0x00000024   Code   RO         6720    i.convertEscControlToCompareVal  motorcontrolblock.o
    0x0800444c   0x0800444c   0x00000174   Code   RO         6188    i.convertImuData    imublock.o
    0x080045c0   0x080045c0   0x00000030   Code   RO         4931    i.convertRawAccelToRealAccel  mpu9250reader.o
    0x080045f0   0x080045f0   0x00000030   Code   RO         4932    i.convertRawGyroToRealGyro  mpu9250reader.o
    0x08004620   0x08004620   0x0000002c   Code   RO         4933    i.convertRawMagnetToRealMagnet  mpu9250reader.o
    0x0800464c   0x0800464c   0x00000016   Code   RO         3810    i.convertVector3DInt16ToArray  vector3d.o
    0x08004662   0x08004662   0x00000022   Code   RO         3811    i.convertVector3DToArray  vector3d.o
    0x08004684   0x08004684   0x00000034   Code   RO         4018    i.copyData          arrayutil.o
    0x080046b8   0x080046b8   0x00000018   Code   RO         4020    i.copyInt16_tArray  arrayutil.o
    0x080046d0   0x080046d0   0x00000028   Code   RO         5239    i.copyMs5611Eprom   ms5611epromreader.o
    0x080046f8   0x080046f8   0x0000000c   Code   RO         2074    i.copyUartListener  uarthandler.o
    0x08004704   0x08004704   0x00000018   Code   RO         3381    i.delayMicros       delay.o
    0x0800471c   0x0800471c   0x00000012   Code   RO         3382    i.delayMilis        delay.o
    0x0800472e   0x0800472e   0x00000022   Code   RO         6279    i.disableAllFlyMode  flycontrolblock.o
    0x08004750   0x08004750   0x00000008   Code   RO         6458    i.disableBasicFlyMode  basicflymode.o
    0x08004758   0x08004758   0x00000008   Code   RO         5777    i.disableController  dronecontroller.o
    0x08004760   0x08004760   0x00000006   Code   RO         3451    i.disableDeltaTimeChecker  deltatimechecker.o
    0x08004766   0x08004766   0x00000002   PAD
    0x08004768   0x08004768   0x0000002c   Code   RO         5479    i.disableHoldAltitude  holdaltitude.o
    0x08004794   0x08004794   0x00000014   Code   RO         6396    i.disableHoldAltitudeMode  holdaltitudemode.o
    0x080047a8   0x080047a8   0x0000000c   Code   RO         6663    i.disableHoldPositionMode  holdpositionmode.o
    0x080047b4   0x080047b4   0x0000000a   Code   RO         5704    i.disableSBusReader  sbusreader.o
    0x080047be   0x080047be   0x00000016   Code   RO         1942    i.disableUart       uartcontrol.o
    0x080047d4   0x080047d4   0x0000000c   Code   RO         6459    i.enableBasicFlyMode  basicflymode.o
    0x080047e0   0x080047e0   0x00000008   Code   RO         5778    i.enableController  dronecontroller.o
    0x080047e8   0x080047e8   0x00000024   Code   RO         6397    i.enableHoldAltitudeMode  holdaltitudemode.o
    0x0800480c   0x0800480c   0x00000064   Code   RO         2828    i.enableI2C         i2c.o
    0x08004870   0x08004870   0x0000000a   Code   RO         5705    i.enableSBusReader  sbusreader.o
    0x0800487a   0x0800487a   0x00000016   Code   RO         1945    i.enableUart        uartcontrol.o
    0x08004890   0x08004890   0x0000004e   Code   RO         4313    i.expandBuffer      buffer.o
    0x080048de   0x080048de   0x00000018   Code   RO         7062    i.fabs              m_wm.l(fabs.o)
    0x080048f6   0x080048f6   0x00000002   PAD
    0x080048f8   0x080048f8   0x00000020   Code   RO         2143    i.findBuffer        uartinterrupt.o
    0x08004918   0x08004918   0x00000020   Code   RO         2045    i.findUSARTPointer  uartfinder.o
    0x08004938   0x08004938   0x00000020   Code   RO         6280    i.fly               flycontrolblock.o
    0x08004958   0x08004958   0x0000001c   Code   RO         6189    i.getAccel          imublock.o
    0x08004974   0x08004974   0x0000000c   Code   RO         6071    i.getAltitudeFromAltitudeBlock  altitudeblock_1.o
    0x08004980   0x08004980   0x00000014   Code   RO         5779    i.getChannel1Value  dronecontroller.o
    0x08004994   0x08004994   0x00000014   Code   RO         5780    i.getChannel2Value  dronecontroller.o
    0x080049a8   0x080049a8   0x00000014   Code   RO         5781    i.getChannel3Value  dronecontroller.o
    0x080049bc   0x080049bc   0x00000014   Code   RO         5782    i.getChannel4Value  dronecontroller.o
    0x080049d0   0x080049d0   0x00000010   Code   RO         5783    i.getControlPitchValue  dronecontroller.o
    0x080049e0   0x080049e0   0x00000010   Code   RO         5784    i.getControlRollValue  dronecontroller.o
    0x080049f0   0x080049f0   0x00000010   Code   RO         5785    i.getControlThrValue  dronecontroller.o
    0x08004a00   0x08004a00   0x00000010   Code   RO         5786    i.getControlYawValue  dronecontroller.o
    0x08004a10   0x08004a10   0x0000003c   Code   RO         3414    i.getCurrentTime    tctime.o
    0x08004a4c   0x08004a4c   0x00000014   Code   RO         6140    i.getEuler          eulerblock.o
    0x08004a60   0x08004a60   0x0000004c   Code   RO         6572    i.getFlyAction      analystcontrol.o
    0x08004aac   0x08004aac   0x0000001c   Code   RO         6190    i.getGyro           imublock.o
    0x08004ac8   0x08004ac8   0x0000003e   Code   RO         4506    i.getGyroCalculateOffsetResult  gyrooffsetcalculator.o
    0x08004b06   0x08004b06   0x00000002   PAD
    0x08004b08   0x08004b08   0x00000018   Code   RO         5982    i.getGyroOffset     dronestore.o
    0x08004b20   0x08004b20   0x00000024   Code   RO         2075    i.getListenerUartList  uarthandler.o
    0x08004b44   0x08004b44   0x0000001c   Code   RO         6191    i.getMagnet         imublock.o
    0x08004b60   0x08004b60   0x0000000a   Code   RO         5108    i.getMs5611Altitude  barometerms5611.o
    0x08004b6a   0x08004b6a   0x00000038   Code   RO         5356    i.getMs5611ReadPressureCommand  ms5611reader.o
    0x08004ba2   0x08004ba2   0x00000038   Code   RO         5357    i.getMs5611ReadTempCommand  ms5611reader.o
    0x08004bda   0x08004bda   0x00000068   Code   RO         5111    i.getNextAction     barometerms5611.o
    0x08004c42   0x08004c42   0x0000001a   Code   RO         4318    i.getNumberEmptyBuffer  buffer.o
    0x08004c5c   0x08004c5c   0x00000012   Code   RO         4934    i.getRawAccel       mpu9250reader.o
    0x08004c6e   0x08004c6e   0x00000010   Code   RO         4935    i.getRawGyro        mpu9250reader.o
    0x08004c7e   0x08004c7e   0x00000012   Code   RO         4936    i.getRawMagnet      mpu9250reader.o
    0x08004c90   0x08004c90   0x00000018   Code   RO         6192    i.getRealAccelZ     imublock.o
    0x08004ca8   0x08004ca8   0x00000044   Code   RO         6504    i.getThrottle       generalfly.o
    0x08004cec   0x08004cec   0x00000020   Code   RO         6281    i.holdAll           flycontrolblock.o
    0x08004d0c   0x08004d0c   0x00000016   Code   RO         6282    i.holdAltitude      flycontrolblock.o
    0x08004d22   0x08004d22   0x00000016   Code   RO         6283    i.holdPosition      flycontrolblock.o
    0x08004d38   0x08004d38   0x00000010   Code   RO         6778    i.initAltitudeCalibraionProgram  altitudecalibrationprogram.o
    0x08004d48   0x08004d48   0x0000003e   Code   RO         5112    i.initBarometerMs5611  barometerms5611.o
    0x08004d86   0x08004d86   0x00000026   Code   RO         4319    i.initBuffer        buffer.o
    0x08004dac   0x08004dac   0x00000060   Code   RO         3415    i.initCounterTimeMain  tctime.o
    0x08004e0c   0x08004e0c   0x00000010   Code   RO         3453    i.initDeltaTimeChecker  deltatimechecker.o
    0x08004e1c   0x08004e1c   0x00000008   Code   RO         5787    i.initDroneController  dronecontroller.o
    0x08004e24   0x08004e24   0x00000030   Code   RO         6141    i.initEulerBlock    eulerblock.o
    0x08004e54   0x08004e54   0x0000003c   Code   RO         5418    i.initEulerCalculator  eulercalculator.o
    0x08004e90   0x08004e90   0x0000004c   Code   RO         2829    i.initGpioI2C       i2c.o
    0x08004edc   0x08004edc   0x0000002c   Code   RO         6193    i.initGyroCalib     imublock.o
    0x08004f08   0x08004f08   0x0000001c   Code   RO         6821    i.initGyroCalibrationProgram  gyrocalibrationprogram.o
    0x08004f24   0x08004f24   0x0000000e   Code   RO         4507    i.initGyroOffsetCalculator  gyrooffsetcalculator.o
    0x08004f32   0x08004f32   0x0000000c   Code   RO         2830    i.initI2C           i2c.o
    0x08004f3e   0x08004f3e   0x00000002   PAD
    0x08004f40   0x08004f40   0x00000044   Code   RO         2831    i.initI2C2          i2c.o
    0x08004f84   0x08004f84   0x0000000c   Code   RO         6194    i.initImuBlock      imublock.o
    0x08004f90   0x08004f90   0x0000000e   Code   RO         4470    i.initImuCalibrator  imucalibrate.o
    0x08004f9e   0x08004f9e   0x00000002   PAD
    0x08004fa0   0x08004fa0   0x00000010   Code   RO         6195    i.initImuReader     imublock.o
    0x08004fb0   0x08004fb0   0x00000010   Code   RO         6721    i.initMotorControlBlock  motorcontrolblock.o
    0x08004fc0   0x08004fc0   0x00000060   Code   RO         6722    i.initMotorOutGpio  motorcontrolblock.o
    0x08005020   0x08005020   0x00000084   Code   RO         6723    i.initMotorPwms     motorcontrolblock.o
    0x080050a4   0x080050a4   0x00000030   Code   RO         6724    i.initMotorTimer    motorcontrolblock.o
    0x080050d4   0x080050d4   0x00000028   Code   RO         4937    i.initMpu9250Reader  mpu9250reader.o
    0x080050fc   0x080050fc   0x0000001a   Code   RO         5281    i.initMs5611Calculator  ms5611calculator.o
    0x08005116   0x08005116   0x00000004   Code   RO         5358    i.initMs5611Reader  ms5611reader.o
    0x0800511a   0x0800511a   0x00000002   PAD
    0x0800511c   0x0800511c   0x00000014   Code   RO         5706    i.initSBusReader    sbusreader.o
    0x08005130   0x08005130   0x00000058   Code   RO         2157    i.initUart4NVIC     uartinterrupt.o
    0x08005188   0x08005188   0x0000005c   Code   RO         2158    i.initUart6NVIC     uartinterrupt.o
    0x080051e4   0x080051e4   0x00000024   Code   RO         1951    i.initUartWithNVIC  uartcontrol.o
    0x08005208   0x08005208   0x00000050   Code   RO         7392    i.internal_alloc    mc_w.l(mallocr.o)
    0x08005258   0x08005258   0x0000003c   Code   RO         5419    i.invSqrt           eulercalculator.o
    0x08005294   0x08005294   0x00000012   Code   RO         4320    i.isBufferFull      buffer.o
    0x080052a6   0x080052a6   0x0000000e   Code   RO         4321    i.isBufferNull      buffer.o
    0x080052b4   0x080052b4   0x0000000c   Code   RO         6460    i.isEnableBasicFlyMode  basicflymode.o
    0x080052c0   0x080052c0   0x00000006   Code   RO         3454    i.isEnableDeltaTimeChecker  deltatimechecker.o
    0x080052c6   0x080052c6   0x00000002   PAD
    0x080052c8   0x080052c8   0x0000000c   Code   RO         6399    i.isEnableHoldAltitudeMode  holdaltitudemode.o
    0x080052d4   0x080052d4   0x0000000c   Code   RO         6666    i.isEnableHoldPositionMode  holdpositionmode.o
    0x080052e0   0x080052e0   0x0000000c   Code   RO         6074    i.isInitAltitudeBlock  altitudeblock_1.o
    0x080052ec   0x080052ec   0x00000014   Code   RO         6574    i.isQuadOff         analystcontrol.o
    0x08005300   0x08005300   0x00000014   Code   RO         6575    i.isQuadOn          analystcontrol.o
    0x08005314   0x08005314   0x0000001c   Code   RO         5113    i.isRequestTemp     barometerms5611.o
    0x08005330   0x08005330   0x0000000c   Code   RO         5788    i.isRunCalibrateProgram  dronecontroller.o
    0x0800533c   0x0800533c   0x00000068   Code   RO         6924    i.loop              main.o
    0x080053a4   0x080053a4   0x0000001e   Code   RO         6925    i.main              main.o
    0x080053c2   0x080053c2   0x00000032   Code   RO         5114    i.mapQualityToOSR   barometerms5611.o
    0x080053f4   0x080053f4   0x00000090   Code   RO         3812    i.normaliseVector3D  vector3d.o
    0x08005484   0x08005484   0x00000030   Code   RO         2168    i.nvicHandler       uartinterrupt.o
    0x080054b4   0x080054b4   0x00000084   Code   RO         4938    i.parseData         mpu9250reader.o
    0x08005538   0x08005538   0x00000184   Code   RO         5420    i.quaternionToDegEuler  eulercalculator.o
    0x080056bc   0x080056bc   0x0000002e   Code   RO         4939    i.readAccelAndGyroDataMpu9250  mpu9250reader.o
    0x080056ea   0x080056ea   0x00000002   PAD
    0x080056ec   0x080056ec   0x00000020   Code   RO         5984    i.readAccelOffset   dronestore.o
    0x0800570c   0x0800570c   0x00000058   Code   RO         2833    i.readBytesViaI2C   i2c.o
    0x08005764   0x08005764   0x00000020   Code   RO         5985    i.readDataFromDroneStore  dronestore.o
    0x08005784   0x08005784   0x00000024   Code   RO         5240    i.readElementEprom  ms5611epromreader.o
    0x080057a8   0x080057a8   0x00000016   Code   RO         5115    i.readEprom         barometerms5611.o
    0x080057be   0x080057be   0x00000008   Code   RO         3046    i.readFromFlash     flashreader.o
    0x080057c6   0x080057c6   0x0000004a   Code   RO         4940    i.readFullDataMpu9250  mpu9250reader.o
    0x08005810   0x08005810   0x00000020   Code   RO         5986    i.readGyroOffset    dronestore.o
    0x08005830   0x08005830   0x00000036   Code   RO         5241    i.readMs5611Eprom   ms5611epromreader.o
    0x08005866   0x08005866   0x00000020   Code   RO         5116    i.readPressureFromMs5611  barometerms5611.o
    0x08005886   0x08005886   0x0000002a   Code   RO         5359    i.readPressureMs5611  ms5611reader.o
    0x080058b0   0x080058b0   0x00000020   Code   RO         5117    i.readTempFromMs5611  barometerms5611.o
    0x080058d0   0x080058d0   0x0000002a   Code   RO         5360    i.readTempMs5611    ms5611reader.o
    0x080058fa   0x080058fa   0x00000002   PAD
    0x080058fc   0x080058fc   0x0000006c   Code   RO         7393    i.realloc           mc_w.l(mallocr.o)
    0x08005968   0x08005968   0x0000002a   Code   RO         2076    i.registerUartListener  uarthandler.o
    0x08005992   0x08005992   0x00000030   Code   RO         4322    i.removeBytesInBuffer  buffer.o
    0x080059c2   0x080059c2   0x00000002   PAD
    0x080059c4   0x080059c4   0x00000070   Code   RO         4941    i.requestAccelAndGyro  mpu9250reader.o
    0x08005a34   0x08005a34   0x00000022   Code   RO         2835    i.requestAndReadBytesViaI2C  i2c.o
    0x08005a56   0x08005a56   0x00000014   Code   RO         2836    i.requestI2C        i2c.o
    0x08005a6a   0x08005a6a   0x00000002   PAD
    0x08005a6c   0x08005a6c   0x0000003c   Code   RO         4942    i.requestMagnet     mpu9250reader.o
    0x08005aa8   0x08005aa8   0x00000016   Code   RO         5118    i.requestPressureFromMs5611  barometerms5611.o
    0x08005abe   0x08005abe   0x00000016   Code   RO         5361    i.requestPressureMs5611  ms5611reader.o
    0x08005ad4   0x08005ad4   0x00000016   Code   RO         5119    i.requestTempFromMs5611  barometerms5611.o
    0x08005aea   0x08005aea   0x00000016   Code   RO         5362    i.requestTempMs5611  ms5611reader.o
    0x08005b00   0x08005b00   0x0000001c   Code   RO         6926    i.reset             main.o
    0x08005b1c   0x08005b1c   0x00000010   Code   RO         4734    i.resetComplementeryFilter  complementeryfilter.o
    0x08005b2c   0x08005b2c   0x00000014   Code   RO         5792    i.resetController   dronecontroller.o
    0x08005b40   0x08005b40   0x00000008   Code   RO         6506    i.resetDataQuadcore  generalfly.o
    0x08005b48   0x08005b48   0x00000010   Code   RO         3455    i.resetDeltaTimeChecker  deltatimechecker.o
    0x08005b58   0x08005b58   0x00000016   Code   RO         4022    i.resetFloatArray   arrayutil.o
    0x08005b6e   0x08005b6e   0x00000008   Code   RO         6197    i.resetImuBlock     imublock.o
    0x08005b76   0x08005b76   0x00000012   Code   RO         5120    i.resetMs5611       barometerms5611.o
    0x08005b88   0x08005b88   0x00000024   Code   RO         4217    i.resetPID          pid.o
    0x08005bac   0x08005bac   0x00000014   Code   RO         4218    i.resetPIDWithNewSetPoint  pid.o
    0x08005bc0   0x08005bc0   0x0000004c   Code   RO         5614    i.resetQuadCore     quadcore.o
    0x08005c0c   0x08005c0c   0x0000003a   Code   RO         3815    i.scaleVector3D     vector3d.o
    0x08005c46   0x08005c46   0x00000058   Code   RO         3816    i.scaleVector3DIntToVector3D  vector3d.o
    0x08005c9e   0x08005c9e   0x00000002   PAD
    0x08005ca0   0x08005ca0   0x00000020   Code   RO         5484    i.setNewAltitudeSp  holdaltitude.o
    0x08005cc0   0x08005cc0   0x00000006   Code   RO         4219    i.setSetPoint       pid.o
    0x08005cc6   0x08005cc6   0x00000002   PAD
    0x08005cc8   0x08005cc8   0x00000034   Code   RO         6927    i.setUp             main.o
    0x08005cfc   0x08005cfc   0x0000006e   Code   RO         7094    i.sqrt              m_wm.l(sqrt.o)
    0x08005d6a   0x08005d6a   0x00000002   PAD
    0x08005d6c   0x08005d6c   0x00000048   Code   RO         6285    i.start             flycontrolblock.o
    0x08005db4   0x08005db4   0x00000084   Code   RO         6779    i.startAltitudeCalibrationProgram  altitudecalibrationprogram.o
    0x08005e38   0x08005e38   0x00000022   Code   RO         6928    i.startCalibrate    main.o
    0x08005e5a   0x08005e5a   0x00000002   PAD
    0x08005e5c   0x08005e5c   0x0000002c   Code   RO         6822    i.startGyroCalibrationProgram  gyrocalibrationprogram.o
    0x08005e88   0x08005e88   0x0000006c   Code   RO         2837    i.startI2C          i2c.o
    0x08005ef4   0x08005ef4   0x00000010   Code   RO         2838    i.stopI2C           i2c.o
    0x08005f04   0x08005f04   0x00000044   Code   RO         3818    i.subVector3D16     vector3d.o
    0x08005f48   0x08005f48   0x00000036   Code   RO         4220    i.sumPID            pid.o
    0x08005f7e   0x08005f7e   0x00000002   PAD
    0x08005f80   0x08005f80   0x00000150   Code   RO         6929    i.testGyroData      main.o
    0x080060d0   0x080060d0   0x0000001c   Code   RO         6286    i.turnOff           flycontrolblock.o
    0x080060ec   0x080060ec   0x0000001c   Code   RO         6288    i.turnOn            flycontrolblock.o
    0x08006108   0x08006108   0x00000056   Code   RO         5121    i.updateBarometerMs5611  barometerms5611.o
    0x0800615e   0x0800615e   0x0000004a   Code   RO         6461    i.updateBasicFlyMode  basicflymode.o
    0x080061a8   0x080061a8   0x0000009c   Code   RO         6142    i.updateCalculator  eulerblock.o
    0x08006244   0x08006244   0x00000026   Code   RO         4735    i.updateComplementeryFilter  complementeryfilter.o
    0x0800626a   0x0800626a   0x00000062   Code   RO         6507    i.updateControlToQuadCore  generalfly.o
    0x080062cc   0x080062cc   0x00000064   Code   RO         6508    i.updateDataToQuadCore  generalfly.o
    0x08006330   0x08006330   0x00000062   Code   RO         4221    i.updateErrorPID    pid.o
    0x08006392   0x08006392   0x00000002   PAD
    0x08006394   0x08006394   0x00000024   Code   RO         6143    i.updateEulerBlock  eulerblock.o
    0x080063b8   0x080063b8   0x000000e0   Code   RO         6290    i.updateFlyControlBlock  flycontrolblock.o
    0x08006498   0x08006498   0x00000034   Code   RO         5485    i.updateHoldAltitude  holdaltitude.o
    0x080064cc   0x080064cc   0x00000040   Code   RO         6400    i.updateHoldAltitudeMode  holdaltitudemode.o
    0x0800650c   0x0800650c   0x00000008   Code   RO         6401    i.updateHoldAltitudeModeWithOutPwm  holdaltitudemode.o
    0x08006514   0x08006514   0x0000001c   Code   RO         6667    i.updateHoldPositionMode  holdpositionmode.o
    0x08006530   0x08006530   0x0000003c   Code   RO         6668    i.updateHoldPositionModeWithThr  holdpositionmode.o
    0x0800656c   0x0800656c   0x00000018   Code   RO         6198    i.updateImuBlock    imublock.o
    0x08006584   0x08006584   0x00000568   Code   RO         5421    i.updateImuCalculator  eulercalculator.o
    0x08006aec   0x08006aec   0x00000338   Code   RO         5422    i.updateImuCalculatorWithOutHeading  eulercalculator.o
    0x08006e24   0x08006e24   0x0000006c   Code   RO         6725    i.updateMotorControlBlock  motorcontrolblock.o
    0x08006e90   0x08006e90   0x0000002e   Code   RO         4222    i.updatePID         pid.o
    0x08006ebe   0x08006ebe   0x00000002   PAD
    0x08006ec0   0x08006ec0   0x000000b8   Code   RO         5616    i.updatePidOnAxisDebug  quadcore.o
    0x08006f78   0x08006f78   0x00000074   Code   RO         5617    i.updateQuadCore    quadcore.o
    0x08006fec   0x08006fec   0x0000005c   Code   RO         6291    i.updateQuadState   flycontrolblock.o
    0x08007048   0x08007048   0x00000020   Code   RO         5283    i.updateTempAndPressureMs5611Calculator  ms5611calculator.o
    0x08007068   0x08007068   0x00000024   Code   RO         5122    i.waitPressureResultFromMs5611  barometerms5611.o
    0x0800708c   0x0800708c   0x00000024   Code   RO         5123    i.waitTempResultFromMs5611  barometerms5611.o
    0x080070b0   0x080070b0   0x0000003c   Code   RO         4028    i.wrapBytesToInt16_tArray  arrayutil.o
    0x080070ec   0x080070ec   0x0000000c   Code   RO         5988    i.writeAltitudeOffset  dronestore.o
    0x080070f8   0x080070f8   0x00000014   Code   RO         2840    i.writeByteWithOutRegViaI2c  i2c.o
    0x0800710c   0x0800710c   0x00000044   Code   RO         2842    i.writeBytesWithOutRegViaI2c  i2c.o
    0x08007150   0x08007150   0x00000010   Code   RO         5989    i.writeGyroOffset   dronestore.o
    0x08007160   0x08007160   0x00000050   Data   RO         7025    .constdata          m_wm.l(asin.o)
    0x080071b0   0x080071b0   0x00000088   Data   RO         7069    .constdata          m_wm.l(pow.o)
    0x08007238   0x08007238   0x00000098   Data   RO         7435    .constdata          m_wm.l(atan.o)
    0x080072d0   0x080072d0   0x00000008   Data   RO         7467    .constdata          m_wm.l(qnan.o)
    0x080072d8   0x080072d8   0x00000020   Data   RO         7531    Region$$Table       anon$$obj.o


    Execution Region RW_IRAM1 (Exec base: 0x20000000, Load base: 0x080072f8, Size: 0x000212b8, Max: 0x00030000, ABSOLUTE, COMPRESSED[0x00000054])

    Exec Addr    Load Addr    Size         Type   Attr      Idx    E Section Name        Object

    0x20000000   COMPRESSED   0x00000010   Data   RW          848    .data               stm32f4xx_rcc.o
    0x20000010   COMPRESSED   0x00000014   Data   RW         1894    .data               system_stm32f4xx.o
    0x20000024   COMPRESSED   0x00000002   Data   RW         2078    .data               uarthandler.o
    0x20000026   COMPRESSED   0x00000002   PAD
    0x20000028   COMPRESSED   0x00000008   Data   RW         2182    .data               uartinterrupt.o
    0x20000030   COMPRESSED   0x00000010   Data   RW         3263    .data               tm_stm32f4_i2c.o
    0x20000040   COMPRESSED   0x00000008   Data   RW         3416    .data               tctime.o
    0x20000048   COMPRESSED   0x00000008   Data   RW         3689    .data               systemtick.o
    0x20000050   COMPRESSED   0x00000004   Data   RW         4944    .data               mpu9250reader.o
    0x20000054   COMPRESSED   0x00000008   Data   RW         5061    .data               tm_stm32f4_mpu9250.o
    0x2000005c   COMPRESSED   0x0000001c   Data   RW         5487    .data               holdaltitude.o
    0x20000078   COMPRESSED   0x00000008   Data   RW         5797    .data               dronecontroller.o
    0x20000080   COMPRESSED   0x00000040   Data   RW         5990    .data               dronestore.o
    0x200000c0   COMPRESSED   0x00000014   Data   RW         6078    .data               altitudeblock_1.o
    0x200000d4   COMPRESSED   0x0000001e   Data   RW         6200    .data               imublock.o
    0x200000f2   COMPRESSED   0x00000002   PAD
    0x200000f4   COMPRESSED   0x00000018   Data   RW         6292    .data               flycontrolblock.o
    0x2000010c   COMPRESSED   0x00000004   Data   RW         6402    .data               holdaltitudemode.o
    0x20000110   COMPRESSED   0x00000004   Data   RW         6462    .data               basicflymode.o
    0x20000114   COMPRESSED   0x0000000c   Data   RW         6577    .data               analystcontrol.o
    0x20000120   COMPRESSED   0x00000004   Data   RW         6669    .data               holdpositionmode.o
    0x20000124   COMPRESSED   0x00000006   Data   RW         6824    .data               gyrocalibrationprogram.o
    0x2000012a   COMPRESSED   0x00000002   PAD
    0x2000012c   COMPRESSED   0x00000004   Data   RW         7501    .data               mc_w.l(mvars.o)
    0x20000130   COMPRESSED   0x00000004   Data   RW         7502    .data               mc_w.l(mvars.o)
    0x20000134   COMPRESSED   0x00000004   Data   RW         7506    .data               mc_w.l(errno.o)
    0x20000138        -       0x000000a8   Zero   RW         2077    .bss                uarthandler.o
    0x200001e0        -       0x00000018   Zero   RW         2181    .bss                uartinterrupt.o
    0x200001f8        -       0x00000016   Zero   RW         3144    .bss                tm_stm32f4_gpio.o
    0x2000020e   COMPRESSED   0x00000002   PAD
    0x20000210        -       0x00000190   Zero   RW         3688    .bss                systemtick.o
    0x200003a0        -       0x00000048   Zero   RW         4943    .bss                mpu9250reader.o
    0x200003e8        -       0x00000060   Zero   RW         5486    .bss                holdaltitude.o
    0x20000448        -       0x00000150   Zero   RW         5618    .bss                quadcore.o
    0x20000598        -       0x000000ac   Zero   RW         5796    .bss                dronecontroller.o
    0x20000644        -       0x00000040   Zero   RW         6144    .bss                eulerblock.o
    0x20000684        -       0x00000068   Zero   RW         6199    .bss                imublock.o
    0x200006ec        -       0x0000000c   Zero   RW         6509    .bss                generalfly.o
    0x200006f8        -       0x00000018   Zero   RW         6576    .bss                analystcontrol.o
    0x20000710        -       0x00000048   Zero   RW         6780    .bss                altitudecalibrationprogram.o
    0x20000758        -       0x00000028   Zero   RW         6823    .bss                gyrocalibrationprogram.o
    0x20000780        -       0x00000034   Zero   RW         6930    .bss                main.o
    0x200007b4   COMPRESSED   0x00000004   PAD
    0x200007b8        -       0x00020000   Zero   RW         1930    HEAP                startup_stm32f427_437xx.o
    0x200207b8        -       0x00000b00   Zero   RW         1929    STACK               startup_stm32f427_437xx.o


==============================================================================

Image component sizes


      Code (inc. data)   RO Data    RW Data    ZI Data      Debug   Object Name

        24         10          0         20          0       2311   altitudeblock_1.o
       192         24          0          0         72       2411   altitudecalibrationprogram.o
         0          0          0          0          0        600   altitudefilter.o
       922         74          0         12         24       9290   analystcontrol.o
       158          0          0          0          0       3326   arrayutil.o
       590          0          0          0          0      13657   barometerms5611.o
       106         10          0          4          0       2677   basicflymode.o
       354          0          0          0          0       6262   buffer.o
        54          6          0          0          0       1595   complementeryfilter.o
       174          0          0          0          0       1459   constraint.o
        42          0          0          0          0       1135   delay.o
       132          0          0          0          0       5341   deltatimechecker.o
       200         62          0          8        172       9727   dronecontroller.o
       148         28          0         64          0       4522   dronestore.o
       260         40          0          0         64       2655   eulerblock.o
      2880         30          0          0          0       8639   eulercalculator.o
         8          0          0          0          0       1112   flashreader.o
       586         46          0         24          0       7500   flycontrolblock.o
       498         20          0          0         12       3653   generalfly.o
       176         22          0          6         40       3001   gyrocalibrationprogram.o
       132          0          0          0          0       2902   gyrooffsetcalculator.o
       128         30          0         28         96       3558   holdaltitude.o
       216         22          0          4          0       4092   holdaltitudemode.o
       112         10          0          4          0       2900   holdpositionmode.o
       610         60          0          0          0       9544   i2c.o
       584         86          0         30        104       6142   imublock.o
        46          0          0          0          0       2020   imucalibrate.o
       200          0          0          0          0       2022   magnetcalibrate.o
       620         28          0          0         52       5055   main.o
       140         24          0          0          0     307611   misc.o
       436         34          0          0          0       4062   motorcontrolblock.o
       706         30          0          4         72      12294   mpu9250reader.o
       466         36          0          0          0       3947   ms5611calculator.o
       130          0          0          0          0       2483   ms5611epromreader.o
       244          0          0          0          0       5031   ms5611reader.o
       468          6          0          0          0       7501   pid.o
         0          0          0          0          0       1044   positionfilter.o
         0          0          0          0          0        544   printer.o
       508         78          0          0        336       5874   quadcore.o
        40          6          0          0          0       2300   sbusreader.o
        36          8        428          0     133888        956   startup_stm32f427_437xx.o
       214          0          0          0          0       2027   stm32f4xx_gpio.o
       552         28          0          0          0       8209   stm32f4xx_i2c.o
        24          0          0          0          0       3656   stm32f4xx_it.o
       360         42          0         16          0       5768   stm32f4xx_rcc.o
       912         66          0          0          0      13778   stm32f4xx_tim.o
       338          8          0          0          0       4540   stm32f4xx_usart.o
       392         32          0         20          0       2261   system_stm32f4xx.o
        92          8          0          8        400       2066   systemtick.o
       156         18          0          8          0       1675   tctime.o
       380         10          0          0         22       4488   tm_stm32f4_gpio.o
      1250        104          0         16          0      11872   tm_stm32f4_i2c.o
       864         48          0          8          0       6384   tm_stm32f4_mpu9250.o
       328         18          0          0          0       3650   uartcontrol.o
        32          8          0          0          0       1015   uartfinder.o
       234         28          0          2        168       5069   uarthandler.o
       310         42          0          8         24       4306   uartinterrupt.o
       486          0          0          0          0       5803   vector3d.o

    ----------------------------------------------------------------------
     20318       1290        460        300     135552     569322   Object Totals
         0          0         32          0          0          0   (incl. Generated)
        68          0          0          6          6          0   (incl. Padding)

    ----------------------------------------------------------------------

      Code (inc. data)   RO Data    RW Data    ZI Data      Debug   Library Member Name

       864         94         80          0          0        280   asin.o
       744        106        152          0          0        352   atan.o
       496         64          0          0          0        192   atan2.o
       184         44          0          0          0        744   dunder.o
        44          0          0          0          0        248   fabs.o
        48          0          0          0          0        124   fpclassify.o
       248          0          0          0          0        152   poly.o
      3152        296        136          0          0        352   pow.o
         0          0          8          0          0          0   qnan.o
       232          0          0          0          0        296   sqrt.o
        58          0          0          0          0        136   sqrtf.o
        86          0          0          0          0          0   __dczerorl2.o
         0          0          0          0          0          0   entry.o
         0          0          0          0          0          0   entry10a.o
         0          0          0          0          0          0   entry11a.o
         8          4          0          0          0          0   entry2.o
         4          0          0          0          0          0   entry5.o
         0          0          0          0          0          0   entry7b.o
         0          0          0          0          0          0   entry8b.o
         8          4          0          0          0          0   entry9a.o
        12          6          0          4          0         68   errno.o
        30          0          0          0          0          0   handlers.o
        36          8          0          0          0         68   init.o
         0          0          0          0          0          0   iusefp.o
        30          0          0          0          0         68   llshl.o
        36          0          0          0          0         68   llsshr.o
        32          0          0          0          0         68   llushr.o
       360         30          0          0          0        356   mallocr.o
        36          0          0          0          0         68   memcpya.o
         0          0          0          8          0          0   mvars.o
        48          0          0          0          0         68   cdrcmple.o
        56          0          0          0          0         88   d2f.o
       334          0          0          0          0        148   dadd.o
       222          0          0          0          0        100   ddiv.o
       186          0          0          0          0        176   depilogue.o
        34          0          0          0          0         76   dflti.o
       228          0          0          0          0         96   dmul.o
        46          0          0          0          0         80   dscalb.o
       162          0          0          0          0        100   dsqrt.o
        38          0          0          0          0         68   f2d.o
       110          0          0          0          0        168   fepilogue.o
        44          0          0          0          0         92   ffltl.o

    ----------------------------------------------------------------------
      8278        664        376         12          0       4900   Library Totals
        22          8          0          0          0          0   (incl. Padding)

    ----------------------------------------------------------------------

      Code (inc. data)   RO Data    RW Data    ZI Data      Debug   Library Name

      6070        604        376          0          0       2876   m_wm.l
       678         52          0         12          0        764   mc_w.l
      1508          0          0          0          0       1260   mf_w.l

    ----------------------------------------------------------------------
      8278        664        376         12          0       4900   Library Totals

    ----------------------------------------------------------------------

==============================================================================


      Code (inc. data)   RO Data    RW Data    ZI Data      Debug   

     28596       1954        836        312     135552     541518   Grand Totals
     28596       1954        836         84     135552     541518   ELF Image Totals (compressed)
     28596       1954        836         84          0          0   ROM Totals

==============================================================================

    Total RO  Size (Code + RO Data)                29432 (  28.74kB)
    Total RW  Size (RW Data + ZI Data)            135864 ( 132.68kB)
    Total ROM Size (Code + RO Data + RW Data)      29516 (  28.82kB)

==============================================================================

